Component: ARM Compiler 5.06 update 7 (build 960) Tool: armlink [4d3601]

==============================================================================

Section Cross References

    startup_stm32f103xb.o(RESET) refers to startup_stm32f103xb.o(STACK) for __initial_sp
    startup_stm32f103xb.o(RESET) refers to startup_stm32f103xb.o(.text) for Reset_Handler
    startup_stm32f103xb.o(RESET) refers to stm32f1xx_it.o(i.NMI_Handler) for NMI_Handler
    startup_stm32f103xb.o(RESET) refers to stm32f1xx_it.o(i.HardFault_Handler) for HardFault_Handler
    startup_stm32f103xb.o(RESET) refers to stm32f1xx_it.o(i.MemManage_Handler) for MemManage_Handler
    startup_stm32f103xb.o(RESET) refers to stm32f1xx_it.o(i.BusFault_Handler) for BusFault_Handler
    startup_stm32f103xb.o(RESET) refers to stm32f1xx_it.o(i.UsageFault_Handler) for UsageFault_Handler
    startup_stm32f103xb.o(RESET) refers to stm32f1xx_it.o(i.SVC_Handler) for SVC_Handler
    startup_stm32f103xb.o(RESET) refers to stm32f1xx_it.o(i.DebugMon_Handler) for DebugMon_Handler
    startup_stm32f103xb.o(RESET) refers to stm32f1xx_it.o(i.PendSV_Handler) for PendSV_Handler
    startup_stm32f103xb.o(RESET) refers to stm32f1xx_it.o(i.SysTick_Handler) for SysTick_Handler
    startup_stm32f103xb.o(RESET) refers to stm32f1xx_it.o(i.DMA1_Channel4_IRQHandler) for DMA1_Channel4_IRQHandler
    startup_stm32f103xb.o(RESET) refers to stm32f1xx_it.o(i.TIM1_UP_IRQHandler) for TIM1_UP_IRQHandler
    startup_stm32f103xb.o(RESET) refers to stm32f1xx_it.o(i.TIM3_IRQHandler) for TIM3_IRQHandler
    startup_stm32f103xb.o(RESET) refers to stm32f1xx_it.o(i.TIM4_IRQHandler) for TIM4_IRQHandler
    startup_stm32f103xb.o(RESET) refers to stm32f1xx_it.o(i.USART1_IRQHandler) for USART1_IRQHandler
    startup_stm32f103xb.o(.text) refers to system_stm32f1xx.o(i.SystemInit) for SystemInit
    startup_stm32f103xb.o(.text) refers to entry.o(.ARM.Collect$$$$00000000) for __main
    main.o(i.HAL_TIM_PeriodElapsedCallback) refers to stm32f1xx_hal.o(i.HAL_IncTick) for HAL_IncTick
    main.o(i.HAL_TIM_PeriodElapsedCallback) refers to elog.o(i.elog_output) for elog_output
    main.o(i.HAL_TIM_PeriodElapsedCallback) refers to main.o(.data) for ncnt
    main.o(i.HAL_TIM_PeriodElapsedCallback) refers to tim.o(.bss) for htim2
    main.o(i.HAL_TIM_PeriodElapsedCallback) refers to main.o(.constdata) for __FUNCTION__
    main.o(i.SystemClock_Config) refers to memseta.o(.text) for __aeabi_memclr4
    main.o(i.SystemClock_Config) refers to stm32f1xx_hal_rcc.o(i.HAL_RCC_OscConfig) for HAL_RCC_OscConfig
    main.o(i.SystemClock_Config) refers to main.o(i.Error_Handler) for Error_Handler
    main.o(i.SystemClock_Config) refers to stm32f1xx_hal_rcc.o(i.HAL_RCC_ClockConfig) for HAL_RCC_ClockConfig
    main.o(i.main) refers to stm32f1xx_hal.o(i.HAL_Init) for HAL_Init
    main.o(i.main) refers to main.o(i.SystemClock_Config) for SystemClock_Config
    main.o(i.main) refers to gpio.o(i.MX_GPIO_Init) for MX_GPIO_Init
    main.o(i.main) refers to dma.o(i.MX_DMA_Init) for MX_DMA_Init
    main.o(i.main) refers to tim.o(i.MX_TIM2_Init) for MX_TIM2_Init
    main.o(i.main) refers to tim.o(i.MX_TIM3_Init) for MX_TIM3_Init
    main.o(i.main) refers to usart.o(i.MX_USART1_UART_Init) for MX_USART1_UART_Init
    main.o(i.main) refers to tim.o(i.MX_TIM4_Init) for MX_TIM4_Init
    main.o(i.main) refers to elog.o(i.elog_init) for elog_init
    main.o(i.main) refers to elog.o(i.elog_set_fmt) for elog_set_fmt
    main.o(i.main) refers to elog.o(i.elog_start) for elog_start
    main.o(i.main) refers to stm32f1xx_hal_tim.o(i.HAL_TIM_Base_Start_IT) for HAL_TIM_Base_Start_IT
    main.o(i.main) refers to stm32f1xx_hal_tim.o(i.HAL_TIM_PWM_Start) for HAL_TIM_PWM_Start
    main.o(i.main) refers to tim.o(.bss) for htim4
    dma.o(i.MX_DMA_Init) refers to stm32f1xx_hal_cortex.o(i.HAL_NVIC_SetPriority) for HAL_NVIC_SetPriority
    dma.o(i.MX_DMA_Init) refers to stm32f1xx_hal_cortex.o(i.HAL_NVIC_EnableIRQ) for HAL_NVIC_EnableIRQ
    tim.o(i.HAL_TIM_Base_MspDeInit) refers to stm32f1xx_hal_cortex.o(i.HAL_NVIC_DisableIRQ) for HAL_NVIC_DisableIRQ
    tim.o(i.HAL_TIM_Base_MspInit) refers to stm32f1xx_hal_cortex.o(i.HAL_NVIC_SetPriority) for HAL_NVIC_SetPriority
    tim.o(i.HAL_TIM_Base_MspInit) refers to stm32f1xx_hal_cortex.o(i.HAL_NVIC_EnableIRQ) for HAL_NVIC_EnableIRQ
    tim.o(i.HAL_TIM_Encoder_MspDeInit) refers to stm32f1xx_hal_gpio.o(i.HAL_GPIO_DeInit) for HAL_GPIO_DeInit
    tim.o(i.HAL_TIM_Encoder_MspDeInit) refers to stm32f1xx_hal_cortex.o(i.HAL_NVIC_DisableIRQ) for HAL_NVIC_DisableIRQ
    tim.o(i.HAL_TIM_Encoder_MspInit) refers to stm32f1xx_hal_gpio.o(i.HAL_GPIO_Init) for HAL_GPIO_Init
    tim.o(i.HAL_TIM_Encoder_MspInit) refers to stm32f1xx_hal_cortex.o(i.HAL_NVIC_SetPriority) for HAL_NVIC_SetPriority
    tim.o(i.HAL_TIM_Encoder_MspInit) refers to stm32f1xx_hal_cortex.o(i.HAL_NVIC_EnableIRQ) for HAL_NVIC_EnableIRQ
    tim.o(i.HAL_TIM_MspPostInit) refers to stm32f1xx_hal_gpio.o(i.HAL_GPIO_Init) for HAL_GPIO_Init
[...]
    Removing stm32f1xx_hal_flash_ex.o(i.FLASH_OB_GetWRP), (12 bytes).
    Removing stm32f1xx_hal_flash_ex.o(i.FLASH_OB_ProgramData), (76 bytes).
    Removing stm32f1xx_hal_flash_ex.o(i.FLASH_OB_RDP_LevelConfig), (124 bytes).
    Removing stm32f1xx_hal_flash_ex.o(i.FLASH_OB_UserConfig), (84 bytes).
    Removing stm32f1xx_hal_flash_ex.o(i.FLASH_PageErase), (40 bytes).
    Removing stm32f1xx_hal_flash_ex.o(i.HAL_FLASHEx_Erase), (176 bytes).
    Removing stm32f1xx_hal_flash_ex.o(i.HAL_FLASHEx_Erase_IT), (80 bytes).
    Removing stm32f1xx_hal_flash_ex.o(i.HAL_FLASHEx_OBErase), (96 bytes).
    Removing stm32f1xx_hal_flash_ex.o(i.HAL_FLASHEx_OBGetConfig), (28 bytes).
    Removing stm32f1xx_hal_flash_ex.o(i.HAL_FLASHEx_OBGetUserData), (40 bytes).
    Removing stm32f1xx_hal_flash_ex.o(i.HAL_FLASHEx_OBProgram), (200 bytes).
    Removing stm32f1xx_hal_exti.o(.rev16_text), (4 bytes).
    Removing stm32f1xx_hal_exti.o(.revsh_text), (4 bytes).
    Removing stm32f1xx_hal_exti.o(.rrx_text), (6 bytes).
    Removing stm32f1xx_hal_exti.o(i.HAL_EXTI_ClearConfigLine), (120 bytes).
    Removing stm32f1xx_hal_exti.o(i.HAL_EXTI_ClearPending), (28 bytes).
    Removing stm32f1xx_hal_exti.o(i.HAL_EXTI_GenerateSWI), (24 bytes).
    Removing stm32f1xx_hal_exti.o(i.HAL_EXTI_GetConfigLine), (156 bytes).
    Removing stm32f1xx_hal_exti.o(i.HAL_EXTI_GetHandle), (14 bytes).
    Removing stm32f1xx_hal_exti.o(i.HAL_EXTI_GetPending), (36 bytes).
    Removing stm32f1xx_hal_exti.o(i.HAL_EXTI_IRQHandler), (44 bytes).
    Removing stm32f1xx_hal_exti.o(i.HAL_EXTI_RegisterCallback), (20 bytes).
    Removing stm32f1xx_hal_exti.o(i.HAL_EXTI_SetConfigLine), (240 bytes).
    Removing stm32f1xx_hal_uart.o(.rev16_text), (4 bytes).
    Removing stm32f1xx_hal_uart.o(.revsh_text), (4 bytes).
    Removing stm32f1xx_hal_uart.o(.rrx_text), (6 bytes).
    Removing stm32f1xx_hal_uart.o(i.HAL_HalfDuplex_EnableReceiver), (68 bytes).
    Removing stm32f1xx_hal_uart.o(i.HAL_HalfDuplex_EnableTransmitter), (68 bytes).
    Removing stm32f1xx_hal_uart.o(i.HAL_HalfDuplex_Init), (122 bytes).
    Removing stm32f1xx_hal_uart.o(i.HAL_LIN_Init), (146 bytes).
    Removing stm32f1xx_hal_uart.o(i.HAL_LIN_SendBreak), (80 bytes).
    Removing stm32f1xx_hal_uart.o(i.HAL_MultiProcessor_EnterMuteMode), (82 bytes).
    Removing stm32f1xx_hal_uart.o(i.HAL_MultiProcessor_ExitMuteMode), (82 bytes).
    Removing stm32f1xx_hal_uart.o(i.HAL_MultiProcessor_Init), (158 bytes).
    Removing stm32f1xx_hal_uart.o(i.HAL_UARTEx_GetRxEventType), (6 bytes).
    Removing stm32f1xx_hal_uart.o(i.HAL_UARTEx_ReceiveToIdle), (296 bytes).
    Removing stm32f1xx_hal_uart.o(i.HAL_UARTEx_ReceiveToIdle_DMA), (112 bytes).
    Removing stm32f1xx_hal_uart.o(i.HAL_UARTEx_ReceiveToIdle_IT), (114 bytes).
    Removing stm32f1xx_hal_uart.o(i.HAL_UART_Abort), (278 bytes).
    Removing stm32f1xx_hal_uart.o(i.HAL_UART_AbortCpltCallback), (2 bytes).
    Removing stm32f1xx_hal_uart.o(i.HAL_UART_AbortReceive), (194 bytes).
    Removing stm32f1xx_hal_uart.o(i.HAL_UART_AbortReceiveCpltCallback), (2 bytes).
    Removing stm32f1xx_hal_uart.o(i.HAL_UART_AbortReceive_IT), (216 bytes).
    Removing stm32f1xx_hal_uart.o(i.HAL_UART_AbortTransmit), (124 bytes).
    Removing stm32f1xx_hal_uart.o(i.HAL_UART_AbortTransmitCpltCallback), (2 bytes).
    Removing stm32f1xx_hal_uart.o(i.HAL_UART_AbortTransmit_IT), (144 bytes).
    Removing stm32f1xx_hal_uart.o(i.HAL_UART_Abort_IT), (328 bytes).
    Removing stm32f1xx_hal_uart.o(i.HAL_UART_DMAPause), (166 bytes).
    Removing stm32f1xx_hal_uart.o(i.HAL_UART_DMAResume), (170 bytes).
    Removing stm32f1xx_hal_uart.o(i.HAL_UART_DMAStop), (138 bytes).
    Removing stm32f1xx_hal_uart.o(i.HAL_UART_DeInit), (62 bytes).
    Removing stm32f1xx_hal_uart.o(i.HAL_UART_GetError), (6 bytes).
    Removing stm32f1xx_hal_uart.o(i.HAL_UART_GetState), (20 bytes).
    Removing stm32f1xx_hal_uart.o(i.HAL_UART_MspDeInit), (2 bytes).
    Removing stm32f1xx_hal_uart.o(i.HAL_UART_MspInit), (2 bytes).
    Removing stm32f1xx_hal_uart.o(i.HAL_UART_Receive), (194 bytes).
    Removing stm32f1xx_hal_uart.o(i.HAL_UART_Receive_DMA), (44 bytes).
    Removing stm32f1xx_hal_uart.o(i.HAL_UART_Receive_IT), (44 bytes).
    Removing stm32f1xx_hal_uart.o(i.HAL_UART_RxHalfCpltCallback), (2 bytes).
    Removing stm32f1xx_hal_uart.o(i.HAL_UART_Transmit_DMA), (140 bytes).
    Removing stm32f1xx_hal_uart.o(i.HAL_UART_Transmit_IT), (56 bytes).
    Removing stm32f1xx_hal_uart.o(i.HAL_UART_TxHalfCpltCallback), (2 bytes).
    Removing stm32f1xx_hal_uart.o(i.UART_DMAError), (80 bytes).
    Removing stm32f1xx_hal_uart.o(i.UART_DMAReceiveCplt), (180 bytes).
    Removing stm32f1xx_hal_uart.o(i.UART_DMARxAbortCallback), (56 bytes).
    Removing stm32f1xx_hal_uart.o(i.UART_DMARxHalfCplt), (36 bytes).
    Removing stm32f1xx_hal_uart.o(i.UART_DMARxOnlyAbortCallback), (28 bytes).
    Removing stm32f1xx_hal_uart.o(i.UART_DMATransmitCplt), (88 bytes).
    Removing stm32f1xx_hal_uart.o(i.UART_DMATxAbortCallback), (56 bytes).
    Removing stm32f1xx_hal_uart.o(i.UART_DMATxHalfCplt), (14 bytes).
    Removing stm32f1xx_hal_uart.o(i.UART_DMATxOnlyAbortCallback), (24 bytes).
    Removing stm32f1xx_hal_uart.o(i.UART_EndTxTransfer), (38 bytes).
    Removing stm32f1xx_hal_uart.o(i.UART_Start_Receive_DMA), (200 bytes).
    Removing stm32f1xx_hal_uart.o(i.UART_Start_Receive_IT), (64 bytes).
    Removing system_stm32f1xx.o(.rev16_text), (4 bytes).
    Removing system_stm32f1xx.o(.revsh_text), (4 bytes).
    Removing system_stm32f1xx.o(.rrx_text), (6 bytes).
    Removing system_stm32f1xx.o(i.SystemCoreClockUpdate), (164 bytes).
    Removing elog.o(i.elog_assert_set_hook), (12 bytes).
    Removing elog.o(i.elog_deinit), (32 bytes).
    Removing elog.o(i.elog_find_lvl), (968 bytes).
    Removing elog.o(i.elog_find_tag), (512 bytes).
    Removing elog.o(i.elog_get_output_enabled), (12 bytes).
    Removing elog.o(i.elog_get_text_color_enabled), (12 bytes).
    Removing elog.o(i.elog_hexdump), (404 bytes).
    Removing elog.o(i.elog_raw_output), (92 bytes).
    Removing elog.o(i.elog_set_filter), (208 bytes).
    Removing elog.o(i.elog_set_filter_kw), (20 bytes).
    Removing elog.o(i.elog_set_filter_tag), (20 bytes).
    Removing elog.o(i.elog_set_filter_tag_lvl), (496 bytes).
    Removing elog.o(i.elog_stop), (144 bytes).
    Removing elog_utils.o(i.elog_cpyln), (284 bytes).
    Removing elog_utils.o(i.elog_memcpy), (252 bytes).
    Removing elog_port.o(.rev16_text), (4 bytes).
    Removing elog_port.o(.revsh_text), (4 bytes).
    Removing elog_port.o(.rrx_text), (6 bytes).
    Removing elog_port.o(i.elog_port_deinit), (2 bytes).

401 unused section(s) (total 35338 bytes) removed from the image.

==============================================================================

Image Symbol Table

    Local Symbols

    Symbol Name                              Value     Ov Type        Size  Object(Section)

    ../Core/Src/dma.c                        0x00000000   Number         0  dma.o ABSOLUTE
    ../Core/Src/gpio.c                       0x00000000   Number         0  gpio.o ABSOLUTE
    ../Core/Src/main.c                       0x00000000   Number         0  main.o ABSOLUTE
    ../Core/Src/stm32f1xx_hal_msp.c          0x00000000   Number         0  stm32f1xx_hal_msp.o ABSOLUTE
    ../Core/Src/stm32f1xx_hal_timebase_tim.c 0x00000000   Number         0  stm32f1xx_hal_timebase_tim.o ABSOLUTE
    ../Core/Src/stm32f1xx_it.c               0x00000000   Number         0  stm32f1xx_it.o ABSOLUTE
    ../Core/Src/system_stm32f1xx.c           0x00000000   Number         0  system_stm32f1xx.o ABSOLUTE
    ../Core/Src/tim.c                        0x00000000   Number         0  tim.o ABSOLUTE
    ../Core/Src/usart.c                      0x00000000   Number         0  usart.o ABSOLUTE
    ../Drivers/STM32F1xx_HAL_Driver/Src/stm32f1xx_hal.c 0x00000000   Number         0  stm32f1xx_hal.o ABSOLUTE
    ../Drivers/STM32F1xx_HAL_Driver/Src/stm32f1xx_hal_cortex.c 0x00000000   Number         0  stm32f1xx_hal_cortex.o ABSOLUTE
    ../Drivers/STM32F1xx_HAL_Driver/Src/stm32f1xx_hal_dma.c 0x00000000   Number         0  stm32f1xx_hal_dma.o ABSOLUTE
    ../Drivers/STM32F1xx_HAL_Driver/Src/stm32f1xx_hal_exti.c 0x00000000   Number         0  stm32f1xx_hal_exti.o ABSOLUTE
    ../Drivers/STM32F1xx_HAL_Driver/Src/stm32f1xx_hal_flash.c 0x00000000   Number         0  stm32f1xx_hal_flash.o ABSOLUTE
    ../Drivers/STM32F1xx_HAL_Driver/Src/stm32f1xx_hal_flash_ex.c 0x00000000   Number         0  stm32f1xx_hal_flash_ex.o ABSOLUTE
    ../Drivers/STM32F1xx_HAL_Driver/Src/stm32f1xx_hal_gpio.c 0x00000000   Number         0  stm32f1xx_hal_gpio.o ABSOLUTE
    ../Drivers/STM32F1xx_HAL_Driver/Src/stm32f1xx_hal_gpio_ex.c 0x00000000   Number         0  stm32f1xx_hal_gpio_ex.o ABSOLUTE
    ../Drivers/STM32F1xx_HAL_Driver/Src/stm32f1xx_hal_pwr.c 0x00000000   Number         0  stm32f1xx_hal_pwr.o ABSOLUTE
    ../Drivers/STM32F1xx_HAL_Driver/Src/stm32f1xx_hal_rcc.c 0x00000000   Number         0  stm32f1xx_hal_rcc.o ABSOLUTE
    ../Drivers/STM32F1xx_HAL_Driver/Src/stm32f1xx_hal_rcc_ex.c 0x00000000   Number         0  stm32f1xx_hal_rcc_ex.o ABSOLUTE
    ../Drivers/STM32F1xx_HAL_Driver/Src/stm32f1xx_hal_tim.c 0x00000000   Number         0  stm32f1xx_hal_tim.o ABSOLUTE
    ../Drivers/STM32F1xx_HAL_Driver/Src/stm32f1xx_hal_tim_ex.c 0x00000000   Number         0  stm32f1xx_hal_tim_ex.o ABSOLUTE
    ../Drivers/STM32F1xx_HAL_Driver/Src/stm32f1xx_hal_uart.c 0x00000000   Number         0  stm32f1xx_hal_uart.o ABSOLUTE
    ../clib/microlib/division.c              0x00000000   Number         0  uldiv.o ABSOLUTE
    ../clib/microlib/division.c              0x00000000   Number         0  uidiv.o ABSOLUTE
    ../clib/microlib/init/entry.s            0x00000000   Number         0  entry2.o ABSOLUTE
    ../clib/microlib/init/entry.s            0x00000000   Number         0  entry11b.o ABSOLUTE
    ../clib/microlib/init/entry.s            0x00000000   Number         0  entry12a.o ABSOLUTE
    ../clib/microlib/init/entry.s            0x00000000   Number         0  entry.o ABSOLUTE
    ../clib/microlib/init/entry.s            0x00000000   Number         0  entry5.o ABSOLUTE
    ../clib/microlib/init/entry.s            0x00000000   Number         0  entry7a.o ABSOLUTE
    ../clib/microlib/init/entry.s            0x00000000   Number         0  entry7b.o ABSOLUTE
    ../clib/microlib/init/entry.s            0x00000000   Number         0  entry8a.o ABSOLUTE
    ../clib/microlib/init/entry.s            0x00000000   Number         0  entry11a.o ABSOLUTE
    ../clib/microlib/init/entry.s            0x00000000   Number         0  entry9a.o ABSOLUTE
    ../clib/microlib/init/entry.s            0x00000000   Number         0  entry12b.o ABSOLUTE
    ../clib/microlib/init/entry.s            0x00000000   Number         0  entry9b.o ABSOLUTE
    ../clib/microlib/init/entry.s            0x00000000   Number         0  entry8b.o ABSOLUTE
    ../clib/microlib/init/entry.s            0x00000000   Number         0  entry10a.o ABSOLUTE
    ../clib/microlib/init/entry.s            0x00000000   Number         0  entry10b.o ABSOLUTE
    ../clib/microlib/longlong.c              0x00000000   Number         0  llushr.o ABSOLUTE
    ../clib/microlib/longlong.c              0x00000000   Number         0  llshl.o ABSOLUTE
    ../clib/microlib/longlong.c              0x00000000   Number         0  llsshr.o ABSOLUTE
    ../clib/microlib/printf/printf.c         0x00000000   Number         0  printfa.o ABSOLUTE
    ../clib/microlib/printf/printf.c         0x00000000   Number         0  printf0.o ABSOLUTE
    ../clib/microlib/printf/printf.c         0x00000000   Number         0  printf1.o ABSOLUTE
    ../clib/microlib/printf/printf.c         0x00000000   Number         0  printf4.o ABSOLUTE
    ../clib/microlib/printf/printf.c         0x00000000   Number         0  printf2.o ABSOLUTE
    ../clib/microlib/printf/printf.c         0x00000000   Number         0  printf3.o ABSOLUTE
    ../clib/microlib/printf/printf.c         0x00000000   Number         0  printf5.o ABSOLUTE
    ../clib/microlib/printf/printf.c         0x00000000   Number         0  printfb.o ABSOLUTE
    ../clib/microlib/printf/printf.c         0x00000000   Number         0  printf6.o ABSOLUTE
    ../clib/microlib/printf/printf.c         0x00000000   Number         0  printf7.o ABSOLUTE
    ../clib/microlib/printf/printf.c         0x00000000   Number         0  printf8.o ABSOLUTE
    ../clib/microlib/printf/stubs.s          0x00000000   Number         0  stubs.o ABSOLUTE
    ../clib/microlib/stdio/streams.c         0x00000000   Number         0  stdout.o ABSOLUTE
    ../clib/microlib/string/memchr.c         0x00000000   Number         0  memchr.o ABSOLUTE
    ../clib/microlib/string/memset.c         0x00000000   Number         0  memseta.o ABSOLUTE
    ../clib/microlib/string/strlen.c         0x00000000   Number         0  strlen.o ABSOLUTE
    ../clib/microlib/string/strncmp.c        0x00000000   Number         0  strncmp.o ABSOLUTE
    ../clib/microlib/string/strncpy.c        0x00000000   Number         0  strncpy.o ABSOLUTE
    ../clib/microlib/string/strstr.c         0x00000000   Number         0  strstr.o ABSOLUTE
    ../clib/microlib/stubs.s                 0x00000000   Number         0  iusefp.o ABSOLUTE
    ../fplib/microlib/fpadd.c                0x00000000   Number         0  dadd.o ABSOLUTE
    ../fplib/microlib/fpdiv.c                0x00000000   Number         0  ddiv.o ABSOLUTE
    ../fplib/microlib/fpepilogue.c           0x00000000   Number         0  depilogue.o ABSOLUTE
    ../fplib/microlib/fpfix.c                0x00000000   Number         0  dfixul.o ABSOLUTE
    ../fplib/microlib/fpmul.c                0x00000000   Number         0  dmul.o ABSOLUTE
    ..\Core\Src\dma.c                        0x00000000   Number         0  dma.o ABSOLUTE
    ..\Core\Src\gpio.c                       0x00000000   Number         0  gpio.o ABSOLUTE
    ..\Core\Src\main.c                       0x00000000   Number         0  main.o ABSOLUTE
    ..\Core\Src\stm32f1xx_hal_msp.c          0x00000000   Number         0  stm32f1xx_hal_msp.o ABSOLUTE
    ..\Core\Src\stm32f1xx_hal_timebase_tim.c 0x00000000   Number         0  stm32f1xx_hal_timebase_tim.o ABSOLUTE
    ..\Core\Src\stm32f1xx_it.c               0x00000000   Number         0  stm32f1xx_it.o ABSOLUTE
    ..\Core\Src\system_stm32f1xx.c           0x00000000   Number         0  system_stm32f1xx.o ABSOLUTE
    ..\Core\Src\tim.c                        0x00000000   Number         0  tim.o ABSOLUTE
    ..\Core\Src\usart.c                      0x00000000   Number         0  usart.o ABSOLUTE
    ..\Drivers\EasyLog\port\elog_port.c      0x00000000   Number         0  elog_port.o ABSOLUTE
    ..\Drivers\EasyLog\src\elog.c            0x00000000   Number         0  elog.o ABSOLUTE
    ..\Drivers\EasyLog\src\elog_utils.c      0x00000000   Number         0  elog_utils.o ABSOLUTE
    ..\Drivers\STM32F1xx_HAL_Driver\Src\stm32f1xx_hal.c 0x00000000   Number         0  stm32f1xx_hal.o ABSOLUTE
    ..\Drivers\STM32F1xx_HAL_Driver\Src\stm32f1xx_hal_cortex.c 0x00000000   Number         0  stm32f1xx_hal_cortex.o ABSOLUTE
    ..\Drivers\STM32F1xx_HAL_Driver\Src\stm32f1xx_hal_dma.c 0x00000000   Number         0  stm32f1xx_hal_dma.o ABSOLUTE
    ..\Drivers\STM32F1xx_HAL_Driver\Src\stm32f1xx_hal_exti.c 0x00000000   Number         0  stm32f1xx_hal_exti.o ABSOLUTE
    ..\Drivers\STM32F1xx_HAL_Driver\Src\stm32f1xx_hal_flash.c 0x00000000   Number         0  stm32f1xx_hal_flash.o ABSOLUTE
    ..\Drivers\STM32F1xx_HAL_Driver\Src\stm32f1xx_hal_flash_ex.c 0x00000000   Number         0  stm32f1xx_hal_flash_ex.o ABSOLUTE
    ..\Drivers\STM32F1xx_HAL_Driver\Src\stm32f1xx_hal_gpio.c 0x00000000   Number         0  stm32f1xx_hal_gpio.o ABSOLUTE
    ..\Drivers\STM32F1xx_HAL_Driver\Src\stm32f1xx_hal_gpio_ex.c 0x00000000   Number         0  stm32f1xx_hal_gpio_ex.o ABSOLUTE
    ..\Drivers\STM32F1xx_HAL_Driver\Src\stm32f1xx_hal_pwr.c 0x00000000   Number         0  stm32f1xx_hal_pwr.o ABSOLUTE
    ..\Drivers\STM32F1xx_HAL_Driver\Src\stm32f1xx_hal_rcc.c 0x00000000   Number         0  stm32f1xx_hal_rcc.o ABSOLUTE
    ..\Drivers\STM32F1xx_HAL_Driver\Src\stm32f1xx_hal_rcc_ex.c 0x00000000   Number         0  stm32f1xx_hal_rcc_ex.o ABSOLUTE
    ..\Drivers\STM32F1xx_HAL_Driver\Src\stm32f1xx_hal_tim.c 0x00000000   Number         0  stm32f1xx_hal_tim.o ABSOLUTE
    ..\Drivers\STM32F1xx_HAL_Driver\Src\stm32f1xx_hal_tim_ex.c 0x00000000   Number         0  stm32f1xx_hal_tim_ex.o ABSOLUTE
    ..\Drivers\STM32F1xx_HAL_Driver\Src\stm32f1xx_hal_uart.c 0x00000000   Number         0  stm32f1xx_hal_uart.o ABSOLUTE
    ..\\Drivers\\EasyLog\\port\\elog_port.c  0x00000000   Number         0  elog_port.o ABSOLUTE
    cdrcmple.s                               0x00000000   Number         0  cdrcmple.o ABSOLUTE
    dc.s                                     0x00000000   Number         0  dc.o ABSOLUTE
    handlers.s                               0x00000000   Number         0  handlers.o ABSOLUTE
    init.s                                   0x00000000   Number         0  init.o ABSOLUTE
    startup_stm32f103xb.s                    0x00000000   Number         0  startup_stm32f103xb.o ABSOLUTE
    RESET                                    0x08000000   Section      236  startup_stm32f103xb.o(RESET)
    .ARM.Collect$$$$00000000                 0x080000ec   Section        0  entry.o(.ARM.Collect$$$$00000000)
    .ARM.Collect$$$$00000001                 0x080000ec   Section        4  entry2.o(.ARM.Collect$$$$00000001)
    .ARM.Collect$$$$00000004                 0x080000f0   Section        4  entry5.o(.ARM.Collect$$$$00000004)
    .ARM.Collect$$$$00000008                 0x080000f4   Section        0  entry7b.o(.ARM.Collect$$$$00000008)
    .ARM.Collect$$$$0000000A                 0x080000f4   Section        0  entry8b.o(.ARM.Collect$$$$0000000A)
    .ARM.Collect$$$$0000000B                 0x080000f4   Section        8  entry9a.o(.ARM.Collect$$$$0000000B)
    .ARM.Collect$$$$0000000E                 0x080000fc   Section        4  entry12b.o(.ARM.Collect$$$$0000000E)
    .ARM.Collect$$$$0000000F                 0x08000100   Section        0  entry10a.o(.ARM.Collect$$$$0000000F)
    .ARM.Collect$$$$00000011                 0x08000100   Section        0  entry11a.o(.ARM.Collect$$$$00000011)
    .ARM.Collect$$$$00002712                 0x08000100   Section        4  entry2.o(.ARM.Collect$$$$00002712)
    __lit__00000000                          0x08000100   Data           4  entry2.o(.ARM.Collect$$$$00002712)
    .text                                    0x08000104   Section       36  startup_stm32f103xb.o(.text)
    .text                                    0x08000128   Section        0  llushr.o(.text)
    .text                                    0x08000148   Section        0  memseta.o(.text)
    .text                                    0x0800016c   Section        0  strstr.o(.text)
    .text                                    0x08000190   Section        0  strlen.o(.text)
    .text                                    0x0800019e   Section        0  strncmp.o(.text)
    .text                                    0x080001bc   Section        0  uidiv.o(.text)
    .text                                    0x080001e8   Section        0  uldiv.o(.text)
    .text                                    0x0800024a   Section        0  iusefp.o(.text)
    .text                                    0x0800024a   Section        0  dadd.o(.text)
    .text                                    0x08000398   Section        0  dmul.o(.text)
    .text                                    0x0800047c   Section        0  ddiv.o(.text)
    .text                                    0x0800055a   Section        0  dfixul.o(.text)
    .text                                    0x0800058c   Section       48  cdrcmple.o(.text)
    .text                                    0x080005bc   Section       36  init.o(.text)
    .text                                    0x080005e0   Section        0  llshl.o(.text)
    .text                                    0x080005fe   Section        0  llsshr.o(.text)
    .text                                    0x08000622   Section        0  depilogue.o(.text)
    i.BusFault_Handler                       0x080006dc   Section        0  stm32f1xx_it.o(i.BusFault_Handler)
    i.DMA1_Channel4_IRQHandler               0x080006e0   Section        0  stm32f1xx_it.o(i.DMA1_Channel4_IRQHandler)
    i.DebugMon_Handler                       0x080006f0   Section        0  stm32f1xx_it.o(i.DebugMon_Handler)
    i.Error_Handler                          0x080006f2   Section        0  main.o(i.Error_Handler)
    i.HAL_DMA_Abort                          0x080006f8   Section        0  stm32f1xx_hal_dma.o(i.HAL_DMA_Abort)
    i.HAL_DMA_Abort_IT                       0x08000750   Section        0  stm32f1xx_hal_dma.o(i.HAL_DMA_Abort_IT)
    i.HAL_DMA_IRQHandler                     0x08000800   Section        0  stm32f1xx_hal_dma.o(i.HAL_DMA_IRQHandler)
    i.HAL_DMA_Init                           0x0800099c   Section        0  stm32f1xx_hal_dma.o(i.HAL_DMA_Init)
    i.HAL_GPIO_Init                          0x08000a04   Section        0  stm32f1xx_hal_gpio.o(i.HAL_GPIO_Init)
    i.HAL_GetTick                            0x08000d24   Section        0  stm32f1xx_hal.o(i.HAL_GetTick)
    i.HAL_IncTick                            0x08000d30   Section        0  stm32f1xx_hal.o(i.HAL_IncTick)
    i.HAL_Init                               0x08000d48   Section        0  stm32f1xx_hal.o(i.HAL_Init)
    i.HAL_InitTick                           0x08000d70   Section        0  stm32f1xx_hal_timebase_tim.o(i.HAL_InitTick)
    i.HAL_MspInit                            0x08000e10   Section        0  stm32f1xx_hal_msp.o(i.HAL_MspInit)
    i.HAL_NVIC_EnableIRQ                     0x08000e64   Section        0  stm32f1xx_hal_cortex.o(i.HAL_NVIC_EnableIRQ)
    i.HAL_NVIC_SetPriority                   0x08000e84   Section        0  stm32f1xx_hal_cortex.o(i.HAL_NVIC_SetPriority)
    i.HAL_NVIC_SetPriorityGrouping           0x08000f00   Section        0  stm32f1xx_hal_cortex.o(i.HAL_NVIC_SetPriorityGrouping)
    i.HAL_RCC_ClockConfig                    0x08000f28   Section        0  stm32f1xx_hal_rcc.o(i.HAL_RCC_ClockConfig)
    i.HAL_RCC_GetClockConfig                 0x080010b4   Section        0  stm32f1xx_hal_rcc.o(i.HAL_RCC_GetClockConfig)
    i.HAL_RCC_GetHCLKFreq                    0x080010f8   Section        0  stm32f1xx_hal_rcc.o(i.HAL_RCC_GetHCLKFreq)
    i.HAL_RCC_GetPCLK1Freq                   0x08001104   Section        0  stm32f1xx_hal_rcc.o(i.HAL_RCC_GetPCLK1Freq)
    i.HAL_RCC_GetPCLK2Freq                   0x08001124   Section        0  stm32f1xx_hal_rcc.o(i.HAL_RCC_GetPCLK2Freq)
    i.HAL_RCC_GetSysClockFreq                0x08001144   Section        0  stm32f1xx_hal_rcc.o(i.HAL_RCC_GetSysClockFreq)
    i.HAL_RCC_OscConfig                      0x080011b4   Section        0  stm32f1xx_hal_rcc.o(i.HAL_RCC_OscConfig)
    i.HAL_TIMEx_BreakCallback                0x08001618   Section        0  stm32f1xx_hal_tim_ex.o(i.HAL_TIMEx_BreakCallback)
    i.HAL_TIMEx_CommutCallback               0x0800161a   Section        0  stm32f1xx_hal_tim_ex.o(i.HAL_TIMEx_CommutCallback)
    i.HAL_TIMEx_MasterConfigSynchronization  0x0800161c   Section        0  stm32f1xx_hal_tim_ex.o(i.HAL_TIMEx_MasterConfigSynchronization)
    i.HAL_TIM_Base_Init                      0x080016a0   Section        0  stm32f1xx_hal_tim.o(i.HAL_TIM_Base_Init)
    i.HAL_TIM_Base_MspInit                   0x08001708   Section        0  tim.o(i.HAL_TIM_Base_MspInit)
    i.HAL_TIM_Base_Start_IT                  0x08001770   Section        0  stm32f1xx_hal_tim.o(i.HAL_TIM_Base_Start_IT)
    i.HAL_TIM_ConfigClockSource              0x080017e8   Section        0  stm32f1xx_hal_tim.o(i.HAL_TIM_ConfigClockSource)
    i.HAL_TIM_Encoder_Init                   0x080018f4   Section        0  stm32f1xx_hal_tim.o(i.HAL_TIM_Encoder_Init)
    i.HAL_TIM_Encoder_MspInit                0x080019b8   Section        0  tim.o(i.HAL_TIM_Encoder_MspInit)
    i.HAL_TIM_IC_CaptureCallback             0x08001a38   Section        0  stm32f1xx_hal_tim.o(i.HAL_TIM_IC_CaptureCallback)
    i.HAL_TIM_IRQHandler                     0x08001a3a   Section        0  stm32f1xx_hal_tim.o(i.HAL_TIM_IRQHandler)
    i.HAL_TIM_MspPostInit                    0x08001ba8   Section        0  tim.o(i.HAL_TIM_MspPostInit)
    i.HAL_TIM_OC_DelayElapsedCallback        0x08001bfc   Section        0  stm32f1xx_hal_tim.o(i.HAL_TIM_OC_DelayElapsedCallback)
    i.HAL_TIM_PWM_ConfigChannel              0x08001bfe   Section        0  stm32f1xx_hal_tim.o(i.HAL_TIM_PWM_ConfigChannel)
    i.HAL_TIM_PWM_Init                       0x08001d02   Section        0  stm32f1xx_hal_tim.o(i.HAL_TIM_PWM_Init)
    i.HAL_TIM_PWM_MspInit                    0x08001d68   Section        0  stm32f1xx_hal_tim.o(i.HAL_TIM_PWM_MspInit)
    i.HAL_TIM_PWM_PulseFinishedCallback      0x08001d6a   Section        0  stm32f1xx_hal_tim.o(i.HAL_TIM_PWM_PulseFinishedCallback)
    i.HAL_TIM_PWM_Start                      0x08001d6c   Section        0  stm32f1xx_hal_tim.o(i.HAL_TIM_PWM_Start)
    i.HAL_TIM_PeriodElapsedCallback          0x08001e40   Section        0  main.o(i.HAL_TIM_PeriodElapsedCallback)
    i.HAL_TIM_TriggerCallback                0x08001ef4   Section        0  stm32f1xx_hal_tim.o(i.HAL_TIM_TriggerCallback)
    i.HAL_UARTEx_RxEventCallback             0x08001ef6   Section        0  stm32f1xx_hal_uart.o(i.HAL_UARTEx_RxEventCallback)
    i.HAL_UART_ErrorCallback                 0x08001ef8   Section        0  stm32f1xx_hal_uart.o(i.HAL_UART_ErrorCallback)
    i.HAL_UART_IRQHandler                    0x08001efc   Section        0  stm32f1xx_hal_uart.o(i.HAL_UART_IRQHandler)
    i.HAL_UART_Init                          0x080021e0   Section        0  stm32f1xx_hal_uart.o(i.HAL_UART_Init)
    i.HAL_UART_MspInit                       0x08002258   Section        0  usart.o(i.HAL_UART_MspInit)
    i.HAL_UART_RxCpltCallback                0x08002328   Section        0  stm32f1xx_hal_uart.o(i.HAL_UART_RxCpltCallback)
    i.HAL_UART_Transmit                      0x0800232a   Section        0  stm32f1xx_hal_uart.o(i.HAL_UART_Transmit)
    i.HAL_UART_TxCpltCallback                0x080023e8   Section        0  stm32f1xx_hal_uart.o(i.HAL_UART_TxCpltCallback)
    i.HardFault_Handler                      0x080023ea   Section        0  stm32f1xx_it.o(i.HardFault_Handler)
    i.MX_DMA_Init                            0x080023f0   Section        0  dma.o(i.MX_DMA_Init)
    i.MX_GPIO_Init                           0x08002424   Section        0  gpio.o(i.MX_GPIO_Init)
    i.MX_TIM2_Init                           0x0800247c   Section        0  tim.o(i.MX_TIM2_Init)
    i.MX_TIM3_Init                           0x0800251c   Section        0  tim.o(i.MX_TIM3_Init)
    i.MX_TIM4_Init                           0x08002598   Section        0  tim.o(i.MX_TIM4_Init)
    i.MX_USART1_UART_Init                    0x08002608   Section        0  usart.o(i.MX_USART1_UART_Init)
    i.MemManage_Handler                      0x08002640   Section        0  stm32f1xx_it.o(i.MemManage_Handler)
    i.NMI_Handler                            0x08002644   Section        0  stm32f1xx_it.o(i.NMI_Handler)
    i.PendSV_Handler                         0x08002648   Section        0  stm32f1xx_it.o(i.PendSV_Handler)
    i.RCC_Delay                              0x0800264c   Section        0  stm32f1xx_hal_rcc.o(i.RCC_Delay)
    RCC_Delay                                0x0800264d   Thumb Code    36  stm32f1xx_hal_rcc.o(i.RCC_Delay)
    i.SVC_Handler                            0x08002674   Section        0  stm32f1xx_it.o(i.SVC_Handler)
    i.SysTick_Handler                        0x08002676   Section        0  stm32f1xx_it.o(i.SysTick_Handler)
    i.SystemClock_Config                     0x08002678   Section        0  main.o(i.SystemClock_Config)
    i.SystemInit                             0x080026de   Section        0  system_stm32f1xx.o(i.SystemInit)
    i.TIM1_UP_IRQHandler                     0x080026e0   Section        0  stm32f1xx_it.o(i.TIM1_UP_IRQHandler)
    i.TIM3_IRQHandler                        0x080026f0   Section        0  stm32f1xx_it.o(i.TIM3_IRQHandler)
    i.TIM4_IRQHandler                        0x08002700   Section        0  stm32f1xx_it.o(i.TIM4_IRQHandler)
    i.TIM_Base_SetConfig                     0x08002710   Section        0  stm32f1xx_hal_tim.o(i.TIM_Base_SetConfig)
    i.TIM_CCxChannelCmd                      0x08002794   Section        0  stm32f1xx_hal_tim.o(i.TIM_CCxChannelCmd)
    i.TIM_ETR_SetConfig                      0x080027b6   Section        0  stm32f1xx_hal_tim.o(i.TIM_ETR_SetConfig)
    i.TIM_ITRx_SetConfig                     0x080027cc   Section        0  stm32f1xx_hal_tim.o(i.TIM_ITRx_SetConfig)
    TIM_ITRx_SetConfig                       0x080027cd   Thumb Code    18  stm32f1xx_hal_tim.o(i.TIM_ITRx_SetConfig)
    i.TIM_OC1_SetConfig                      0x080027e0   Section        0  stm32f1xx_hal_tim.o(i.TIM_OC1_SetConfig)
    TIM_OC1_SetConfig                        0x080027e1   Thumb Code    90  stm32f1xx_hal_tim.o(i.TIM_OC1_SetConfig)
    i.TIM_OC2_SetConfig                      0x08002840   Section        0  stm32f1xx_hal_tim.o(i.TIM_OC2_SetConfig)
    i.TIM_OC3_SetConfig                      0x080028a8   Section        0  stm32f1xx_hal_tim.o(i.TIM_OC3_SetConfig)
    TIM_OC3_SetConfig                        0x080028a9   Thumb Code    98  stm32f1xx_hal_tim.o(i.TIM_OC3_SetConfig)
    i.TIM_OC4_SetConfig                      0x08002910   Section        0  stm32f1xx_hal_tim.o(i.TIM_OC4_SetConfig)
    TIM_OC4_SetConfig                        0x08002911   Thumb Code    68  stm32f1xx_hal_tim.o(i.TIM_OC4_SetConfig)
    i.TIM_TI1_ConfigInputStage               0x08002958   Section        0  stm32f1xx_hal_tim.o(i.TIM_TI1_ConfigInputStage)
    TIM_TI1_ConfigInputStage                 0x08002959   Thumb Code    38  stm32f1xx_hal_tim.o(i.TIM_TI1_ConfigInputStage)
    i.TIM_TI2_ConfigInputStage               0x0800297e   Section        0  stm32f1xx_hal_tim.o(i.TIM_TI2_ConfigInputStage)
    TIM_TI2_ConfigInputStage                 0x0800297f   Thumb Code    40  stm32f1xx_hal_tim.o(i.TIM_TI2_ConfigInputStage)
    i.UART_DMAAbortOnError                   0x080029a6   Section        0  stm32f1xx_hal_uart.o(i.UART_DMAAbortOnError)
    UART_DMAAbortOnError                     0x080029a7   Thumb Code    20  stm32f1xx_hal_uart.o(i.UART_DMAAbortOnError)
    i.UART_EndRxTransfer                     0x080029ba   Section        0  stm32f1xx_hal_uart.o(i.UART_EndRxTransfer)
    UART_EndRxTransfer                       0x080029bb   Thumb Code   108  stm32f1xx_hal_uart.o(i.UART_EndRxTransfer)
    i.UART_EndTransmit_IT                    0x08002a26   Section        0  stm32f1xx_hal_uart.o(i.UART_EndTransmit_IT)
    UART_EndTransmit_IT                      0x08002a27   Thumb Code    32  stm32f1xx_hal_uart.o(i.UART_EndTransmit_IT)
    i.UART_Receive_IT                        0x08002a46   Section        0  stm32f1xx_hal_uart.o(i.UART_Receive_IT)
    UART_Receive_IT                          0x08002a47   Thumb Code   252  stm32f1xx_hal_uart.o(i.UART_Receive_IT)
    i.UART_SetConfig                         0x08002b44   Section        0  stm32f1xx_hal_uart.o(i.UART_SetConfig)
    UART_SetConfig                           0x08002b45   Thumb Code   248  stm32f1xx_hal_uart.o(i.UART_SetConfig)
    i.UART_Transmit_IT                       0x08002c40   Section        0  stm32f1xx_hal_uart.o(i.UART_Transmit_IT)
    UART_Transmit_IT                         0x08002c41   Thumb Code    96  stm32f1xx_hal_uart.o(i.UART_Transmit_IT)
    i.UART_WaitOnFlagUntilTimeout            0x08002ca0   Section        0  stm32f1xx_hal_uart.o(i.UART_WaitOnFlagUntilTimeout)
    UART_WaitOnFlagUntilTimeout              0x08002ca1   Thumb Code   140  stm32f1xx_hal_uart.o(i.UART_WaitOnFlagUntilTimeout)
    i.USART1_IRQHandler                      0x08002d2c   Section        0  stm32f1xx_it.o(i.USART1_IRQHandler)
    i.UsageFault_Handler                     0x08002d3c   Section        0  stm32f1xx_it.o(i.UsageFault_Handler)
    i.__0printf                              0x08002d40   Section        0  printfa.o(i.__0printf)
    i.__0snprintf                            0x08002d60   Section        0  printfa.o(i.__0snprintf)
    i.__0vsnprintf                           0x08002d94   Section        0  printfa.o(i.__0vsnprintf)
    i.__NVIC_GetPriorityGrouping             0x08002dc8   Section        0  stm32f1xx_hal_cortex.o(i.__NVIC_GetPriorityGrouping)
    __NVIC_GetPriorityGrouping               0x08002dc9   Thumb Code    10  stm32f1xx_hal_cortex.o(i.__NVIC_GetPriorityGrouping)
    i.__NVIC_SetPriority                     0x08002dd8   Section        0  stm32f1xx_hal_cortex.o(i.__NVIC_SetPriority)
    __NVIC_SetPriority                       0x08002dd9   Thumb Code    32  stm32f1xx_hal_cortex.o(i.__NVIC_SetPriority)
    i.__scatterload_copy                     0x08002e00   Section       14  handlers.o(i.__scatterload_copy)
    i.__scatterload_null                     0x08002e0e   Section        2  handlers.o(i.__scatterload_null)
    i.__scatterload_zeroinit                 0x08002e10   Section       14  handlers.o(i.__scatterload_zeroinit)
    i._fp_digits                             0x08002e20   Section        0  printfa.o(i._fp_digits)
    _fp_digits                               0x08002e21   Thumb Code   366  printfa.o(i._fp_digits)
    i._printf_core                           0x08002fa4   Section        0  printfa.o(i._printf_core)
    _printf_core                             0x08002fa5   Thumb Code  1704  printfa.o(i._printf_core)
    i._printf_post_padding                   0x08003658   Section        0  printfa.o(i._printf_post_padding)
    _printf_post_padding                     0x08003659   Thumb Code    36  printfa.o(i._printf_post_padding)
    i._printf_pre_padding                    0x0800367c   Section        0  printfa.o(i._printf_pre_padding)
    _printf_pre_padding                      0x0800367d   Thumb Code    46  printfa.o(i._printf_pre_padding)
    i._snputc                                0x080036aa   Section        0  printfa.o(i._snputc)
    _snputc                                  0x080036ab   Thumb Code    22  printfa.o(i._snputc)
    i.elog_get_filter_tag_lvl                0x080036c0   Section        0  elog.o(i.elog_get_filter_tag_lvl)
    i.elog_init                              0x080037d0   Section        0  elog.o(i.elog_init)
    i.elog_output                            0x08003820   Section        0  elog.o(i.elog_output)
    i.elog_output_lock                       0x08003c30   Section        0  elog.o(i.elog_output_lock)
    i.elog_output_lock_enabled               0x08003c58   Section        0  elog.o(i.elog_output_lock_enabled)
    i.elog_output_unlock                     0x08003c98   Section        0  elog.o(i.elog_output_unlock)
    i.elog_port_get_p_info                   0x08003cc0   Section        0  elog_port.o(i.elog_port_get_p_info)
    i.elog_port_get_t_info                   0x08003cc8   Section        0  elog_port.o(i.elog_port_get_t_info)
    i.elog_port_get_time                     0x08003cd0   Section        0  elog_port.o(i.elog_port_get_time)
    i.elog_port_init                         0x08003cd8   Section        0  elog_port.o(i.elog_port_init)
    i.elog_port_output                       0x08003cdc   Section        0  elog_port.o(i.elog_port_output)
    i.elog_port_output_lock                  0x08003cf8   Section        0  elog_port.o(i.elog_port_output_lock)
    i.elog_port_output_unlock                0x08003cfa   Section        0  elog_port.o(i.elog_port_output_unlock)
    i.elog_set_filter_lvl                    0x08003cfc   Section        0  elog.o(i.elog_set_filter_lvl)
    i.elog_set_filter_tag_lvl_default        0x08003dbc   Section        0  elog.o(i.elog_set_filter_tag_lvl_default)
    elog_set_filter_tag_lvl_default          0x08003dbd   Thumb Code    54  elog.o(i.elog_set_filter_tag_lvl_default)
    i.elog_set_fmt                           0x08003df8   Section        0  elog.o(i.elog_set_fmt)
    i.elog_set_output_enabled                0x08003ebc   Section        0  elog.o(i.elog_set_output_enabled)
    i.elog_set_text_color_enabled            0x08003f90   Section        0  elog.o(i.elog_set_text_color_enabled)
    i.elog_start                             0x08004064   Section        0  elog.o(i.elog_start)
    i.elog_strcpy                            0x08004080   Section        0  elog_utils.o(i.elog_strcpy)
    i.fputc                                  0x08004184   Section        0  usart.o(i.fputc)
    i.get_fmt_enabled                        0x0800419c   Section        0  elog.o(i.get_fmt_enabled)
    get_fmt_enabled                          0x0800419d   Thumb Code    90  elog.o(i.get_fmt_enabled)
    i.get_fmt_used_and_enabled_ptr           0x0800426c   Section        0  elog.o(i.get_fmt_used_and_enabled_ptr)
    get_fmt_used_and_enabled_ptr             0x0800426d   Thumb Code    28  elog.o(i.get_fmt_used_and_enabled_ptr)
    i.get_fmt_used_and_enabled_u32           0x08004288   Section        0  elog.o(i.get_fmt_used_and_enabled_u32)
    get_fmt_used_and_enabled_u32             0x08004289   Thumb Code    28  elog.o(i.get_fmt_used_and_enabled_u32)
    i.main                                   0x080042a4   Section        0  main.o(i.main)
    .constdata                               0x08004320   Section       30  main.o(.constdata)
    __FUNCTION__                             0x08004320   Data          30  main.o(.constdata)
    .constdata                               0x0800433e   Section       18  stm32f1xx_hal_rcc.o(.constdata)
    aPLLMULFactorTable                       0x0800433e   Data          16  stm32f1xx_hal_rcc.o(.constdata)
    aPredivFactorTable                       0x0800434e   Data           2  stm32f1xx_hal_rcc.o(.constdata)
    .constdata                               0x08004350   Section       24  system_stm32f1xx.o(.constdata)
    .constdata                               0x08004368   Section      215  elog.o(.constdata)
    __FUNCTION__                             0x08004368   Data          10  elog.o(.constdata)
    __FUNCTION__                             0x08004372   Data          24  elog.o(.constdata)
    __FUNCTION__                             0x0800438a   Data          28  elog.o(.constdata)
    __FUNCTION__                             0x080043a6   Data          13  elog.o(.constdata)
    __FUNCTION__                             0x080043b3   Data          16  elog.o(.constdata)
    __FUNCTION__                             0x080043c3   Data          20  elog.o(.constdata)
    __FUNCTION__                             0x080043d7   Data          24  elog.o(.constdata)
    __FUNCTION__                             0x080043ef   Data          24  elog.o(.constdata)
    __FUNCTION__                             0x08004407   Data          12  elog.o(.constdata)
    __FUNCTION__                             0x08004413   Data          16  elog.o(.constdata)
    __FUNCTION__                             0x08004423   Data          14  elog.o(.constdata)
    __FUNCTION__                             0x08004431   Data          14  elog.o(.constdata)
    .constdata                               0x0800443f   Section       35  elog_utils.o(.constdata)
    __FUNCTION__                             0x0800443f   Data          12  elog_utils.o(.constdata)
    __FUNCTION__                             0x0800444b   Data          11  elog_utils.o(.constdata)
    __FUNCTION__                             0x08004456   Data          12  elog_utils.o(.constdata)
    .conststring                             0x08004464   Section       71  elog.o(.conststring)
    .data                                    0x20000000   Section        8  main.o(.data)
    cnt                                      0x20000000   Data           4  main.o(.data)
    ncnt                                     0x20000004   Data           4  main.o(.data)
    .data                                    0x20000008   Section        9  stm32f1xx_hal.o(.data)
    .data                                    0x20000014   Section        4  system_stm32f1xx.o(.data)
    .data                                    0x20000018   Section       52  elog.o(.data)
    level_output_info                        0x20000018   Data          24  elog.o(.data)
    color_output_info                        0x20000030   Data          24  elog.o(.data)
    .data                                    0x2000004c   Section        4  stdout.o(.data)
    .bss                                     0x20000050   Section      216  tim.o(.bss)
    .bss                                     0x20000128   Section      140  usart.o(.bss)
    .bss                                     0x200001b4   Section       72  stm32f1xx_hal_timebase_tim.o(.bss)
    .bss                                     0x200001fc   Section     1272  elog.o(.bss)
    elog                                     0x200001fc   Data         248  elog.o(.bss)
    log_buf                                  0x200002f4   Data        1024  elog.o(.bss)
    STACK                                    0x200006f8   Section     1024  startup_stm32f103xb.o(STACK)

    Global Symbols

    Symbol Name                              Value     Ov Type        Size  Object(Section)

    BuildAttributes$$THM_ISAv4$P$D$K$B$S$PE$A:L22UL41UL21$X:L11$S22US41US21$IEEE1$IW$USESV6$~STKCKD$USESV7$~SHL$OSPACE$ROPI$EBA8$MICROLIB$REQ8$PRES8$EABIv2 0x00000000   Number         0  anon$$obj.o ABSOLUTE
    __ARM_use_no_argv                        0x00000000   Number         0  main.o ABSOLUTE
    _printf_a                                0x00000000   Number         0  stubs.o ABSOLUTE
    _printf_c                                0x00000000   Number         0  stubs.o ABSOLUTE
    _printf_charcount                        0x00000000   Number         0  stubs.o ABSOLUTE
    _printf_d                                0x00000000   Number         0  stubs.o ABSOLUTE
    _printf_e                                0x00000000   Number         0  stubs.o ABSOLUTE
    _printf_f                                0x00000000   Number         0  stubs.o ABSOLUTE
    _printf_flags                            0x00000000   Number         0  stubs.o ABSOLUTE
    _printf_fp_dec                           0x00000000   Number         0  stubs.o ABSOLUTE
    _printf_fp_hex                           0x00000000   Number         0  stubs.o ABSOLUTE
    _printf_g                                0x00000000   Number         0  stubs.o ABSOLUTE
    _printf_i                                0x00000000   Number         0  stubs.o ABSOLUTE
    _printf_int_dec                          0x00000000   Number         0  stubs.o ABSOLUTE
    _printf_l                                0x00000000   Number         0  stubs.o ABSOLUTE
    _printf_lc                               0x00000000   Number         0  stubs.o ABSOLUTE
    _printf_ll                               0x00000000   Number         0  stubs.o ABSOLUTE
    _printf_lld                              0x00000000   Number         0  stubs.o ABSOLUTE
    _printf_lli                              0x00000000   Number         0  stubs.o ABSOLUTE
    _printf_llo                              0x00000000   Number         0  stubs.o ABSOLUTE
    _printf_llu                              0x00000000   Number         0  stubs.o ABSOLUTE
    _printf_llx                              0x00000000   Number         0  stubs.o ABSOLUTE
    _printf_longlong_dec                     0x00000000   Number         0  stubs.o ABSOLUTE
    _printf_longlong_hex                     0x00000000   Number         0  stubs.o ABSOLUTE
    _printf_longlong_oct                     0x00000000   Number         0  stubs.o ABSOLUTE
    _printf_ls                               0x00000000   Number         0  stubs.o ABSOLUTE
    _printf_mbtowc                           0x00000000   Number         0  stubs.o ABSOLUTE
    _printf_n                                0x00000000   Number         0  stubs.o ABSOLUTE
    _printf_o                                0x00000000   Number         0  stubs.o ABSOLUTE
    _printf_p                                0x00000000   Number         0  stubs.o ABSOLUTE
    _printf_percent                          0x00000000   Number         0  stubs.o ABSOLUTE
    _printf_pre_padding                      0x00000000   Number         0  stubs.o ABSOLUTE
    _printf_return_value                     0x00000000   Number         0  stubs.o ABSOLUTE
    _printf_s                                0x00000000   Number         0  stubs.o ABSOLUTE
    _printf_sizespec                         0x00000000   Number         0  stubs.o ABSOLUTE
    _printf_str                              0x00000000   Number         0  stubs.o ABSOLUTE
    _printf_truncate_signed                  0x00000000   Number         0  stubs.o ABSOLUTE
    _printf_truncate_unsigned                0x00000000   Number         0  stubs.o ABSOLUTE
    _printf_u                                0x00000000   Number         0  stubs.o ABSOLUTE
    _printf_wc                               0x00000000   Number         0  stubs.o ABSOLUTE
    _printf_wctomb                           0x00000000   Number         0  stubs.o ABSOLUTE
    _printf_widthprec                        0x00000000   Number         0  stubs.o ABSOLUTE
    _printf_x                                0x00000000   Number         0  stubs.o ABSOLUTE
    __arm_fini_                               - Undefined Weak Reference
    __cpp_initialize__aeabi_                  - Undefined Weak Reference
    __cxa_finalize                            - Undefined Weak Reference
    __decompress                              - Undefined Weak Reference
    _clock_init                               - Undefined Weak Reference
    _microlib_exit                            - Undefined Weak Reference
    __Vectors_Size                           0x000000ec   Number         0  startup_stm32f103xb.o ABSOLUTE
    __Vectors                                0x08000000   Data           4  startup_stm32f103xb.o(RESET)
    __Vectors_End                            0x080000ec   Data           0  startup_stm32f103xb.o(RESET)
    __main                                   0x080000ed   Thumb Code     0  entry.o(.ARM.Collect$$$$00000000)
    _main_stk                                0x080000ed   Thumb Code     0  entry2.o(.ARM.Collect$$$$00000001)
    _main_scatterload                        0x080000f1   Thumb Code     0  entry5.o(.ARM.Collect$$$$00000004)
    __main_after_scatterload                 0x080000f5   Thumb Code     0  entry5.o(.ARM.Collect$$$$00000004)
    _main_clock                              0x080000f5   Thumb Code     0  entry7b.o(.ARM.Collect$$$$00000008)
    _main_cpp_init                           0x080000f5   Thumb Code     0  entry8b.o(.ARM.Collect$$$$0000000A)
    _main_init                               0x080000f5   Thumb Code     0  entry9a.o(.ARM.Collect$$$$0000000B)
    __rt_lib_shutdown_fini                   0x080000fd   Thumb Code     0  entry12b.o(.ARM.Collect$$$$0000000E)
    __rt_final_cpp                           0x08000101   Thumb Code     0  entry10a.o(.ARM.Collect$$$$0000000F)
    __rt_final_exit                          0x08000101   Thumb Code     0  entry11a.o(.ARM.Collect$$$$00000011)
    Reset_Handler                            0x08000105   Thumb Code     8  startup_stm32f103xb.o(.text)
    ADC1_2_IRQHandler                        0x0800011f   Thumb Code     0  startup_stm32f103xb.o(.text)
    CAN1_RX1_IRQHandler                      0x0800011f   Thumb Code     0  startup_stm32f103xb.o(.text)
    CAN1_SCE_IRQHandler                      0x0800011f   Thumb Code     0  startup_stm32f103xb.o(.text)
    DMA1_Channel1_IRQHandler                 0x0800011f   Thumb Code     0  startup_stm32f103xb.o(.text)
    DMA1_Channel2_IRQHandler                 0x0800011f   Thumb Code     0  startup_stm32f103xb.o(.text)
    DMA1_Channel3_IRQHandler                 0x0800011f   Thumb Code     0  startup_stm32f103xb.o(.text)
    DMA1_Channel5_IRQHandler                 0x0800011f   Thumb Code     0  startup_stm32f103xb.o(.text)
    DMA1_Channel6_IRQHandler                 0x0800011f   Thumb Code     0  startup_stm32f103xb.o(.text)
    DMA1_Channel7_IRQHandler                 0x0800011f   Thumb Code     0  startup_stm32f103xb.o(.text)
    EXTI0_IRQHandler                         0x0800011f   Thumb Code     0  startup_stm32f103xb.o(.text)
    EXTI15_10_IRQHandler                     0x0800011f   Thumb Code     0  startup_stm32f103xb.o(.text)
    EXTI1_IRQHandler                         0x0800011f   Thumb Code     0  startup_stm32f103xb.o(.text)
    EXTI2_IRQHandler                         0x0800011f   Thumb Code     0  startup_stm32f103xb.o(.text)
    EXTI3_IRQHandler                         0x0800011f   Thumb Code     0  startup_stm32f103xb.o(.text)
    EXTI4_IRQHandler                         0x0800011f   Thumb Code     0  startup_stm32f103xb.o(.text)
    EXTI9_5_IRQHandler                       0x0800011f   Thumb Code     0  startup_stm32f103xb.o(.text)
    FLASH_IRQHandler                         0x0800011f   Thumb Code     0  startup_stm32f103xb.o(.text)
    I2C1_ER_IRQHandler                       0x0800011f   Thumb Code     0  startup_stm32f103xb.o(.text)
    I2C1_EV_IRQHandler                       0x0800011f   Thumb Code     0  startup_stm32f103xb.o(.text)
    I2C2_ER_IRQHandler                       0x0800011f   Thumb Code     0  startup_stm32f103xb.o(.text)
    I2C2_EV_IRQHandler                       0x0800011f   Thumb Code     0  startup_stm32f103xb.o(.text)
    PVD_IRQHandler                           0x0800011f   Thumb Code     0  startup_stm32f103xb.o(.text)
    RCC_IRQHandler                           0x0800011f   Thumb Code     0  startup_stm32f103xb.o(.text)
    RTC_Alarm_IRQHandler                     0x0800011f   Thumb Code     0  startup_stm32f103xb.o(.text)
    RTC_IRQHandler                           0x0800011f   Thumb Code     0  startup_stm32f103xb.o(.text)
    SPI1_IRQHandler                          0x0800011f   Thumb Code     0  startup_stm32f103xb.o(.text)
    SPI2_IRQHandler                          0x0800011f   Thumb Code     0  startup_stm32f103xb.o(.text)
    TAMPER_IRQHandler                        0x0800011f   Thumb Code     0  startup_stm32f103xb.o(.text)
    TIM1_BRK_IRQHandler                      0x0800011f   Thumb Code     0  startup_stm32f103xb.o(.text)
    TIM1_CC_IRQHandler                       0x0800011f   Thumb Code     0  startup_stm32f103xb.o(.text)
    TIM1_TRG_COM_IRQHandler                  0x0800011f   Thumb Code     0  startup_stm32f103xb.o(.text)
    TIM2_IRQHandler                          0x0800011f   Thumb Code     0  startup_stm32f103xb.o(.text)
    USART2_IRQHandler                        0x0800011f   Thumb Code     0  startup_stm32f103xb.o(.text)
    USART3_IRQHandler                        0x0800011f   Thumb Code     0  startup_stm32f103xb.o(.text)
    USBWakeUp_IRQHandler                     0x0800011f   Thumb Code     0  startup_stm32f103xb.o(.text)
    USB_HP_CAN1_TX_IRQHandler                0x0800011f   Thumb Code     0  startup_stm32f103xb.o(.text)
    USB_LP_CAN1_RX0_IRQHandler               0x0800011f   Thumb Code     0  startup_stm32f103xb.o(.text)
    WWDG_IRQHandler                          0x0800011f   Thumb Code     0  startup_stm32f103xb.o(.text)
    __aeabi_llsr                             0x08000129   Thumb Code    32  llushr.o(.text)
    _ll_ushift_r                             0x08000129   Thumb Code     0  llushr.o(.text)
    __aeabi_memset                           0x08000149   Thumb Code    14  memseta.o(.text)
    __aeabi_memset4                          0x08000149   Thumb Code     0  memseta.o(.text)
    __aeabi_memset8                          0x08000149   Thumb Code     0  memseta.o(.text)
    __aeabi_memclr                           0x08000157   Thumb Code     4  memseta.o(.text)
    __aeabi_memclr4                          0x08000157   Thumb Code     0  memseta.o(.text)
    __aeabi_memclr8                          0x08000157   Thumb Code     0  memseta.o(.text)
    _memset$wrapper                          0x0800015b   Thumb Code    18  memseta.o(.text)
    strstr                                   0x0800016d   Thumb Code    36  strstr.o(.text)
    strlen                                   0x08000191   Thumb Code    14  strlen.o(.text)
    strncmp                                  0x0800019f   Thumb Code    30  strncmp.o(.text)
    __aeabi_uidiv                            0x080001bd   Thumb Code     0  uidiv.o(.text)
    __aeabi_uidivmod                         0x080001bd   Thumb Code    44  uidiv.o(.text)
    __aeabi_uldivmod                         0x080001e9   Thumb Code    98  uldiv.o(.text)
    __I$use$fp                               0x0800024b   Thumb Code     0  iusefp.o(.text)
    __aeabi_dadd                             0x0800024b   Thumb Code   322  dadd.o(.text)
    __aeabi_dsub                             0x0800038d   Thumb Code     6  dadd.o(.text)
    __aeabi_drsub                            0x08000393   Thumb Code     6  dadd.o(.text)
    __aeabi_dmul                             0x08000399   Thumb Code   228  dmul.o(.text)
    __aeabi_ddiv                             0x0800047d   Thumb Code   222  ddiv.o(.text)
    __aeabi_d2ulz                            0x0800055b   Thumb Code    48  dfixul.o(.text)
    __aeabi_cdrcmple                         0x0800058d   Thumb Code    48  cdrcmple.o(.text)
    __scatterload                            0x080005bd   Thumb Code    28  init.o(.text)
    __scatterload_rt2                        0x080005bd   Thumb Code     0  init.o(.text)
    __aeabi_llsl                             0x080005e1   Thumb Code    30  llshl.o(.text)
    _ll_shift_l                              0x080005e1   Thumb Code     0  llshl.o(.text)
    __aeabi_lasr                             0x080005ff   Thumb Code    36  llsshr.o(.text)
    _ll_sshift_r                             0x080005ff   Thumb Code     0  llsshr.o(.text)
    _double_round                            0x08000623   Thumb Code    30  depilogue.o(.text)
    _double_epilogue                         0x08000641   Thumb Code   156  depilogue.o(.text)
    BusFault_Handler                         0x080006dd   Thumb Code     4  stm32f1xx_it.o(i.BusFault_Handler)
    DMA1_Channel4_IRQHandler                 0x080006e1   Thumb Code    10  stm32f1xx_it.o(i.DMA1_Channel4_IRQHandler)
    DebugMon_Handler                         0x080006f1   Thumb Code     2  stm32f1xx_it.o(i.DebugMon_Handler)
    Error_Handler                            0x080006f3   Thumb Code     6  main.o(i.Error_Handler)
    HAL_DMA_Abort                            0x080006f9   Thumb Code    86  stm32f1xx_hal_dma.o(i.HAL_DMA_Abort)
    HAL_DMA_Abort_IT                         0x08000751   Thumb Code   172  stm32f1xx_hal_dma.o(i.HAL_DMA_Abort_IT)
    HAL_DMA_IRQHandler                       0x08000801   Thumb Code   408  stm32f1xx_hal_dma.o(i.HAL_DMA_IRQHandler)
    HAL_DMA_Init                             0x0800099d   Thumb Code   100  stm32f1xx_hal_dma.o(i.HAL_DMA_Init)
    HAL_GPIO_Init                            0x08000a05   Thumb Code   766  stm32f1xx_hal_gpio.o(i.HAL_GPIO_Init)
    HAL_GetTick                              0x08000d25   Thumb Code     6  stm32f1xx_hal.o(i.HAL_GetTick)
    HAL_IncTick                              0x08000d31   Thumb Code    16  stm32f1xx_hal.o(i.HAL_IncTick)
    HAL_Init                                 0x08000d49   Thumb Code    34  stm32f1xx_hal.o(i.HAL_Init)
    HAL_InitTick                             0x08000d71   Thumb Code   138  stm32f1xx_hal_timebase_tim.o(i.HAL_InitTick)
    HAL_MspInit                              0x08000e11   Thumb Code    76  stm32f1xx_hal_msp.o(i.HAL_MspInit)
    HAL_NVIC_EnableIRQ                       0x08000e65   Thumb Code    32  stm32f1xx_hal_cortex.o(i.HAL_NVIC_EnableIRQ)
    HAL_NVIC_SetPriority                     0x08000e85   Thumb Code   124  stm32f1xx_hal_cortex.o(i.HAL_NVIC_SetPriority)
    HAL_NVIC_SetPriorityGrouping             0x08000f01   Thumb Code    32  stm32f1xx_hal_cortex.o(i.HAL_NVIC_SetPriorityGrouping)
    HAL_RCC_ClockConfig                      0x08000f29   Thumb Code   376  stm32f1xx_hal_rcc.o(i.HAL_RCC_ClockConfig)
    HAL_RCC_GetClockConfig                   0x080010b5   Thumb Code    58  stm32f1xx_hal_rcc.o(i.HAL_RCC_GetClockConfig)
    HAL_RCC_GetHCLKFreq                      0x080010f9   Thumb Code     6  stm32f1xx_hal_rcc.o(i.HAL_RCC_GetHCLKFreq)
    HAL_RCC_GetPCLK1Freq                     0x08001105   Thumb Code    22  stm32f1xx_hal_rcc.o(i.HAL_RCC_GetPCLK1Freq)
    HAL_RCC_GetPCLK2Freq                     0x08001125   Thumb Code    22  stm32f1xx_hal_rcc.o(i.HAL_RCC_GetPCLK2Freq)
    HAL_RCC_GetSysClockFreq                  0x08001145   Thumb Code    92  stm32f1xx_hal_rcc.o(i.HAL_RCC_GetSysClockFreq)
    HAL_RCC_OscConfig                        0x080011b5   Thumb Code  1114  stm32f1xx_hal_rcc.o(i.HAL_RCC_OscConfig)
    HAL_TIMEx_BreakCallback                  0x08001619   Thumb Code     2  stm32f1xx_hal_tim_ex.o(i.HAL_TIMEx_BreakCallback)
    HAL_TIMEx_CommutCallback                 0x0800161b   Thumb Code     2  stm32f1xx_hal_tim_ex.o(i.HAL_TIMEx_CommutCallback)
    HAL_TIMEx_MasterConfigSynchronization    0x0800161d   Thumb Code   118  stm32f1xx_hal_tim_ex.o(i.HAL_TIMEx_MasterConfigSynchronization)
    HAL_TIM_Base_Init                        0x080016a1   Thumb Code   102  stm32f1xx_hal_tim.o(i.HAL_TIM_Base_Init)
    HAL_TIM_Base_MspInit                     0x08001709   Thumb Code    94  tim.o(i.HAL_TIM_Base_MspInit)
    HAL_TIM_Base_Start_IT                    0x08001771   Thumb Code   106  stm32f1xx_hal_tim.o(i.HAL_TIM_Base_Start_IT)
    HAL_TIM_ConfigClockSource                0x080017e9   Thumb Code   268  stm32f1xx_hal_tim.o(i.HAL_TIM_ConfigClockSource)
    HAL_TIM_Encoder_Init                     0x080018f5   Thumb Code   196  stm32f1xx_hal_tim.o(i.HAL_TIM_Encoder_Init)
    HAL_TIM_Encoder_MspInit                  0x080019b9   Thumb Code   116  tim.o(i.HAL_TIM_Encoder_MspInit)
    HAL_TIM_IC_CaptureCallback               0x08001a39   Thumb Code     2  stm32f1xx_hal_tim.o(i.HAL_TIM_IC_CaptureCallback)
    HAL_TIM_IRQHandler                       0x08001a3b   Thumb Code   364  stm32f1xx_hal_tim.o(i.HAL_TIM_IRQHandler)
    HAL_TIM_MspPostInit                      0x08001ba9   Thumb Code    74  tim.o(i.HAL_TIM_MspPostInit)
    HAL_TIM_OC_DelayElapsedCallback          0x08001bfd   Thumb Code     2  stm32f1xx_hal_tim.o(i.HAL_TIM_OC_DelayElapsedCallback)
    HAL_TIM_PWM_ConfigChannel                0x08001bff   Thumb Code   260  stm32f1xx_hal_tim.o(i.HAL_TIM_PWM_ConfigChannel)
    HAL_TIM_PWM_Init                         0x08001d03   Thumb Code   102  stm32f1xx_hal_tim.o(i.HAL_TIM_PWM_Init)
    HAL_TIM_PWM_MspInit                      0x08001d69   Thumb Code     2  stm32f1xx_hal_tim.o(i.HAL_TIM_PWM_MspInit)
    HAL_TIM_PWM_PulseFinishedCallback        0x08001d6b   Thumb Code     2  stm32f1xx_hal_tim.o(i.HAL_TIM_PWM_PulseFinishedCallback)
    HAL_TIM_PWM_Start                        0x08001d6d   Thumb Code   198  stm32f1xx_hal_tim.o(i.HAL_TIM_PWM_Start)
    HAL_TIM_PeriodElapsedCallback            0x08001e41   Thumb Code   110  main.o(i.HAL_TIM_PeriodElapsedCallback)
    HAL_TIM_TriggerCallback                  0x08001ef5   Thumb Code     2  stm32f1xx_hal_tim.o(i.HAL_TIM_TriggerCallback)
    HAL_UARTEx_RxEventCallback               0x08001ef7   Thumb Code     2  stm32f1xx_hal_uart.o(i.HAL_UARTEx_RxEventCallback)
    HAL_UART_ErrorCallback                   0x08001ef9   Thumb Code     2  stm32f1xx_hal_uart.o(i.HAL_UART_ErrorCallback)
    HAL_UART_IRQHandler                      0x08001efd   Thumb Code   736  stm32f1xx_hal_uart.o(i.HAL_UART_IRQHandler)
    HAL_UART_Init                            0x080021e1   Thumb Code   118  stm32f1xx_hal_uart.o(i.HAL_UART_Init)
    HAL_UART_MspInit                         0x08002259   Thumb Code   188  usart.o(i.HAL_UART_MspInit)
    HAL_UART_RxCpltCallback                  0x08002329   Thumb Code     2  stm32f1xx_hal_uart.o(i.HAL_UART_RxCpltCallback)
    HAL_UART_Transmit                        0x0800232b   Thumb Code   190  stm32f1xx_hal_uart.o(i.HAL_UART_Transmit)
    HAL_UART_TxCpltCallback                  0x080023e9   Thumb Code     2  stm32f1xx_hal_uart.o(i.HAL_UART_TxCpltCallback)
    HardFault_Handler                        0x080023eb   Thumb Code     4  stm32f1xx_it.o(i.HardFault_Handler)
    MX_DMA_Init                              0x080023f1   Thumb Code    48  dma.o(i.MX_DMA_Init)
    MX_GPIO_Init                             0x08002425   Thumb Code    84  gpio.o(i.MX_GPIO_Init)
    MX_TIM2_Init                             0x0800247d   Thumb Code   156  tim.o(i.MX_TIM2_Init)
    MX_TIM3_Init                             0x0800251d   Thumb Code   114  tim.o(i.MX_TIM3_Init)
    MX_TIM4_Init                             0x08002599   Thumb Code   102  tim.o(i.MX_TIM4_Init)
    MX_USART1_UART_Init                      0x08002609   Thumb Code    46  usart.o(i.MX_USART1_UART_Init)
    MemManage_Handler                        0x08002641   Thumb Code     4  stm32f1xx_it.o(i.MemManage_Handler)
    NMI_Handler                              0x08002645   Thumb Code     4  stm32f1xx_it.o(i.NMI_Handler)
    PendSV_Handler                           0x08002649   Thumb Code     2  stm32f1xx_it.o(i.PendSV_Handler)
    SVC_Handler                              0x08002675   Thumb Code     2  stm32f1xx_it.o(i.SVC_Handler)
    SysTick_Handler                          0x08002677   Thumb Code     2  stm32f1xx_it.o(i.SysTick_Handler)
    SystemClock_Config                       0x08002679   Thumb Code   102  main.o(i.SystemClock_Config)
    SystemInit                               0x080026df   Thumb Code     2  system_stm32f1xx.o(i.SystemInit)
    TIM1_UP_IRQHandler                       0x080026e1   Thumb Code    10  stm32f1xx_it.o(i.TIM1_UP_IRQHandler)
    TIM3_IRQHandler                          0x080026f1   Thumb Code    10  stm32f1xx_it.o(i.TIM3_IRQHandler)
    TIM4_IRQHandler                          0x08002701   Thumb Code    10  stm32f1xx_it.o(i.TIM4_IRQHandler)
    TIM_Base_SetConfig                       0x08002711   Thumb Code   120  stm32f1xx_hal_tim.o(i.TIM_Base_SetConfig)
    TIM_CCxChannelCmd                        0x08002795   Thumb Code    34  stm32f1xx_hal_tim.o(i.TIM_CCxChannelCmd)
    TIM_ETR_SetConfig                        0x080027b7   Thumb Code    22  stm32f1xx_hal_tim.o(i.TIM_ETR_SetConfig)
    TIM_OC2_SetConfig                        0x08002841   Thumb Code   100  stm32f1xx_hal_tim.o(i.TIM_OC2_SetConfig)
    USART1_IRQHandler                        0x08002d2d   Thumb Code    10  stm32f1xx_it.o(i.USART1_IRQHandler)
    UsageFault_Handler                       0x08002d3d   Thumb Code     4  stm32f1xx_it.o(i.UsageFault_Handler)
    __0printf                                0x08002d41   Thumb Code    22  printfa.o(i.__0printf)
    __1printf                                0x08002d41   Thumb Code     0  printfa.o(i.__0printf)
    __2printf                                0x08002d41   Thumb Code     0  printfa.o(i.__0printf)
    __c89printf                              0x08002d41   Thumb Code     0  printfa.o(i.__0printf)
    printf                                   0x08002d41   Thumb Code     0  printfa.o(i.__0printf)
    __0snprintf                              0x08002d61   Thumb Code    48  printfa.o(i.__0snprintf)
    __1snprintf                              0x08002d61   Thumb Code     0  printfa.o(i.__0snprintf)
    __2snprintf                              0x08002d61   Thumb Code     0  printfa.o(i.__0snprintf)
    __c89snprintf                            0x08002d61   Thumb Code     0  printfa.o(i.__0snprintf)
    snprintf                                 0x08002d61   Thumb Code     0  printfa.o(i.__0snprintf)
    __0vsnprintf                             0x08002d95   Thumb Code    46  printfa.o(i.__0vsnprintf)
    __1vsnprintf                             0x08002d95   Thumb Code     0  printfa.o(i.__0vsnprintf)
    __2vsnprintf                             0x08002d95   Thumb Code     0  printfa.o(i.__0vsnprintf)
    __c89vsnprintf                           0x08002d95   Thumb Code     0  printfa.o(i.__0vsnprintf)
    vsnprintf                                0x08002d95   Thumb Code     0  printfa.o(i.__0vsnprintf)
    __scatterload_copy                       0x08002e01   Thumb Code    14  handlers.o(i.__scatterload_copy)
    __scatterload_null                       0x08002e0f   Thumb Code     2  handlers.o(i.__scatterload_null)
    __scatterload_zeroinit                   0x08002e11   Thumb Code    14  handlers.o(i.__scatterload_zeroinit)
    elog_get_filter_tag_lvl                  0x080036c1   Thumb Code   164  elog.o(i.elog_get_filter_tag_lvl)
    elog_init                                0x080037d1   Thumb Code    76  elog.o(i.elog_init)
    elog_output                              0x08003821   Thumb Code   866  elog.o(i.elog_output)
    elog_output_lock                         0x08003c31   Thumb Code    34  elog.o(i.elog_output_lock)
    elog_output_lock_enabled                 0x08003c59   Thumb Code    60  elog.o(i.elog_output_lock_enabled)
    elog_output_unlock                       0x08003c99   Thumb Code    34  elog.o(i.elog_output_unlock)
    elog_port_get_p_info                     0x08003cc1   Thumb Code     4  elog_port.o(i.elog_port_get_p_info)
    elog_port_get_t_info                     0x08003cc9   Thumb Code     4  elog_port.o(i.elog_port_get_t_info)
    elog_port_get_time                       0x08003cd1   Thumb Code     4  elog_port.o(i.elog_port_get_time)
    elog_port_init                           0x08003cd9   Thumb Code     4  elog_port.o(i.elog_port_init)
    elog_port_output                         0x08003cdd   Thumb Code    18  elog_port.o(i.elog_port_output)
    elog_port_output_lock                    0x08003cf9   Thumb Code     2  elog_port.o(i.elog_port_output_lock)
    elog_port_output_unlock                  0x08003cfb   Thumb Code     2  elog_port.o(i.elog_port_output_unlock)
    elog_set_filter_lvl                      0x08003cfd   Thumb Code    76  elog.o(i.elog_set_filter_lvl)
    elog_set_fmt                             0x08003df9   Thumb Code    80  elog.o(i.elog_set_fmt)
    elog_set_output_enabled                  0x08003ebd   Thumb Code    82  elog.o(i.elog_set_output_enabled)
    elog_set_text_color_enabled              0x08003f91   Thumb Code    82  elog.o(i.elog_set_text_color_enabled)
    elog_start                               0x08004065   Thumb Code    22  elog.o(i.elog_start)
    elog_strcpy                              0x08004081   Thumb Code   162  elog_utils.o(i.elog_strcpy)
    fputc                                    0x08004185   Thumb Code    20  usart.o(i.fputc)
    main                                     0x080042a5   Thumb Code   114  main.o(i.main)
    AHBPrescTable                            0x08004350   Data          16  system_stm32f1xx.o(.constdata)
    APBPrescTable                            0x08004360   Data           8  system_stm32f1xx.o(.constdata)
    Region$$Table$$Base                      0x080044ac   Number         0  anon$$obj.o(Region$$Table)
    Region$$Table$$Limit                     0x080044cc   Number         0  anon$$obj.o(Region$$Table)
    uwTick                                   0x20000008   Data           4  stm32f1xx_hal.o(.data)
    uwTickPrio                               0x2000000c   Data           4  stm32f1xx_hal.o(.data)
    uwTickFreq                               0x20000010   Data           1  stm32f1xx_hal.o(.data)
    SystemCoreClock                          0x20000014   Data           4  system_stm32f1xx.o(.data)
    elog_assert_hook                         0x20000048   Data           4  elog.o(.data)
    __stdout                                 0x2000004c   Data           4  stdout.o(.data)
    htim2                                    0x20000050   Data          72  tim.o(.bss)
    htim3                                    0x20000098   Data          72  tim.o(.bss)
    htim4                                    0x200000e0   Data          72  tim.o(.bss)
    huart1                                   0x20000128   Data          72  usart.o(.bss)
    hdma_usart1_tx                           0x20000170   Data          68  usart.o(.bss)
    htim1                                    0x200001b4   Data          72  stm32f1xx_hal_timebase_tim.o(.bss)
    __initial_sp                             0x20000af8   Data           0  startup_stm32f103xb.o(STACK)



==============================================================================

Memory Map of the image

  Image Entry point : 0x080000ed

  Load Region LR_IROM1 (Base: 0x08000000, Size: 0x0000451c, Max: 0x00010000, ABSOLUTE)

    Execution Region ER_IROM1 (Exec base: 0x08000000, Load base: 0x08000000, Size: 0x000044cc, Max: 0x00010000, ABSOLUTE)

    Exec Addr    Load Addr    Size         Type   Attr      Idx    E Section Name        Object

    0x08000000   0x08000000   0x000000ec   Data   RO            3    RESET               startup_stm32f103xb.o
    0x080000ec   0x080000ec   0x00000000   Code   RO         3231  * .ARM.Collect$$$$00000000  mc_w.l(entry.o)
    0x080000ec   0x080000ec   0x00000004   Code   RO         3509    .ARM.Collect$$$$00000001  mc_w.l(entry2.o)
    0x080000f0   0x080000f0   0x00000004   Code   RO         3512    .ARM.Collect$$$$00000004  mc_w.l(entry5.o)
    0x080000f4   0x080000f4   0x00000000   Code   RO         3514    .ARM.Collect$$$$00000008  mc_w.l(entry7b.o)
    0x080000f4   0x080000f4   0x00000000   Code   RO         3516    .ARM.Collect$$$$0000000A  mc_w.l(entry8b.o)
    0x080000f4   0x080000f4   0x00000008   Code   RO         3517    .ARM.Collect$$$$0000000B  mc_w.l(entry9a.o)
    0x080000fc   0x080000fc   0x00000004   Code   RO         3524    .ARM.Collect$$$$0000000E  mc_w.l(entry12b.o)
    0x08000100   0x08000100   0x00000000   Code   RO         3519    .ARM.Collect$$$$0000000F  mc_w.l(entry10a.o)
    0x08000100   0x08000100   0x00000000   Code   RO         3521    .ARM.Collect$$$$00000011  mc_w.l(entry11a.o)
    0x08000100   0x08000100   0x00000004   Code   RO         3510    .ARM.Collect$$$$00002712  mc_w.l(entry2.o)
    0x08000104   0x08000104   0x00000024   Code   RO            4    .text               startup_stm32f103xb.o
    0x08000128   0x08000128   0x00000020   Code   RO         3234    .text               mc_w.l(llushr.o)
    0x08000148   0x08000148   0x00000024   Code   RO         3236    .text               mc_w.l(memseta.o)
    0x0800016c   0x0800016c   0x00000024   Code   RO         3238    .text               mc_w.l(strstr.o)
    0x08000190   0x08000190   0x0000000e   Code   RO         3242    .text               mc_w.l(strlen.o)
    0x0800019e   0x0800019e   0x0000001e   Code   RO         3246    .text               mc_w.l(strncmp.o)
    0x080001bc   0x080001bc   0x0000002c   Code   RO         3526    .text               mc_w.l(uidiv.o)
    0x080001e8   0x080001e8   0x00000062   Code   RO         3528    .text               mc_w.l(uldiv.o)
    0x0800024a   0x0800024a   0x00000000   Code   RO         3530    .text               mc_w.l(iusefp.o)
    0x0800024a   0x0800024a   0x0000014e   Code   RO         3531    .text               mf_w.l(dadd.o)
    0x08000398   0x08000398   0x000000e4   Code   RO         3533    .text               mf_w.l(dmul.o)
    0x0800047c   0x0800047c   0x000000de   Code   RO         3535    .text               mf_w.l(ddiv.o)
    0x0800055a   0x0800055a   0x00000030   Code   RO         3537    .text               mf_w.l(dfixul.o)
    0x0800058a   0x0800058a   0x00000002   PAD
    0x0800058c   0x0800058c   0x00000030   Code   RO         3539    .text               mf_w.l(cdrcmple.o)
    0x080005bc   0x080005bc   0x00000024   Code   RO         3541    .text               mc_w.l(init.o)
    0x080005e0   0x080005e0   0x0000001e   Code   RO         3543    .text               mc_w.l(llshl.o)
    0x080005fe   0x080005fe   0x00000024   Code   RO         3545    .text               mc_w.l(llsshr.o)
    0x08000622   0x08000622   0x000000ba   Code   RO         3547    .text               mf_w.l(depilogue.o)
    0x080006dc   0x080006dc   0x00000004   Code   RO          347    i.BusFault_Handler  stm32f1xx_it.o
    0x080006e0   0x080006e0   0x00000010   Code   RO          348    i.DMA1_Channel4_IRQHandler  stm32f1xx_it.o
    0x080006f0   0x080006f0   0x00000002   Code   RO          349    i.DebugMon_Handler  stm32f1xx_it.o
    0x080006f2   0x080006f2   0x00000006   Code   RO           13    i.Error_Handler     main.o
    0x080006f8   0x080006f8   0x00000056   Code   RO         1922    i.HAL_DMA_Abort     stm32f1xx_hal_dma.o
    0x0800074e   0x0800074e   0x00000002   PAD
    0x08000750   0x08000750   0x000000b0   Code   RO         1923    i.HAL_DMA_Abort_IT  stm32f1xx_hal_dma.o
    0x08000800   0x08000800   0x0000019c   Code   RO         1927    i.HAL_DMA_IRQHandler  stm32f1xx_hal_dma.o
    0x0800099c   0x0800099c   0x00000068   Code   RO         1928    i.HAL_DMA_Init      stm32f1xx_hal_dma.o
    0x08000a04   0x08000a04   0x00000320   Code   RO         1858    i.HAL_GPIO_Init     stm32f1xx_hal_gpio.o
    0x08000d24   0x08000d24   0x0000000c   Code   RO         1547    i.HAL_GetTick       stm32f1xx_hal.o
    0x08000d30   0x08000d30   0x00000018   Code   RO         1553    i.HAL_IncTick       stm32f1xx_hal.o
    0x08000d48   0x08000d48   0x00000028   Code   RO         1554    i.HAL_Init          stm32f1xx_hal.o
    0x08000d70   0x08000d70   0x000000a0   Code   RO          477    i.HAL_InitTick      stm32f1xx_hal_timebase_tim.o
    0x08000e10   0x08000e10   0x00000054   Code   RO          453    i.HAL_MspInit       stm32f1xx_hal_msp.o
    0x08000e64   0x08000e64   0x00000020   Code   RO         2018    i.HAL_NVIC_EnableIRQ  stm32f1xx_hal_cortex.o
    0x08000e84   0x08000e84   0x0000007c   Code   RO         2024    i.HAL_NVIC_SetPriority  stm32f1xx_hal_cortex.o
    0x08000f00   0x08000f00   0x00000028   Code   RO         2025    i.HAL_NVIC_SetPriorityGrouping  stm32f1xx_hal_cortex.o
    0x08000f28   0x08000f28   0x0000018c   Code   RO         1711    i.HAL_RCC_ClockConfig  stm32f1xx_hal_rcc.o
    0x080010b4   0x080010b4   0x00000044   Code   RO         1715    i.HAL_RCC_GetClockConfig  stm32f1xx_hal_rcc.o
    0x080010f8   0x080010f8   0x0000000c   Code   RO         1716    i.HAL_RCC_GetHCLKFreq  stm32f1xx_hal_rcc.o
    0x08001104   0x08001104   0x00000020   Code   RO         1718    i.HAL_RCC_GetPCLK1Freq  stm32f1xx_hal_rcc.o
    0x08001124   0x08001124   0x00000020   Code   RO         1719    i.HAL_RCC_GetPCLK2Freq  stm32f1xx_hal_rcc.o
    0x08001144   0x08001144   0x00000070   Code   RO         1720    i.HAL_RCC_GetSysClockFreq  stm32f1xx_hal_rcc.o
    0x080011b4   0x080011b4   0x00000464   Code   RO         1723    i.HAL_RCC_OscConfig  stm32f1xx_hal_rcc.o
    0x08001618   0x08001618   0x00000002   Code   RO         1269    i.HAL_TIMEx_BreakCallback  stm32f1xx_hal_tim_ex.o
    0x0800161a   0x0800161a   0x00000002   Code   RO         1270    i.HAL_TIMEx_CommutCallback  stm32f1xx_hal_tim_ex.o
    0x0800161c   0x0800161c   0x00000084   Code   RO         1288    i.HAL_TIMEx_MasterConfigSynchronization  stm32f1xx_hal_tim_ex.o
    0x080016a0   0x080016a0   0x00000066   Code   RO          554    i.HAL_TIM_Base_Init  stm32f1xx_hal_tim.o
    0x08001706   0x08001706   0x00000002   PAD
    0x08001708   0x08001708   0x00000068   Code   RO          222    i.HAL_TIM_Base_MspInit  tim.o
    0x08001770   0x08001770   0x00000078   Code   RO          559    i.HAL_TIM_Base_Start_IT  stm32f1xx_hal_tim.o
    0x080017e8   0x080017e8   0x0000010c   Code   RO          563    i.HAL_TIM_ConfigClockSource  stm32f1xx_hal_tim.o
    0x080018f4   0x080018f4   0x000000c4   Code   RO          575    i.HAL_TIM_Encoder_Init  stm32f1xx_hal_tim.o
    0x080019b8   0x080019b8   0x00000080   Code   RO          224    i.HAL_TIM_Encoder_MspInit  tim.o
    0x08001a38   0x08001a38   0x00000002   Code   RO          588    i.HAL_TIM_IC_CaptureCallback  stm32f1xx_hal_tim.o
    0x08001a3a   0x08001a3a   0x0000016c   Code   RO          602    i.HAL_TIM_IRQHandler  stm32f1xx_hal_tim.o
    0x08001ba6   0x08001ba6   0x00000002   PAD
    0x08001ba8   0x08001ba8   0x00000054   Code   RO          225    i.HAL_TIM_MspPostInit  tim.o
    0x08001bfc   0x08001bfc   0x00000002   Code   RO          605    i.HAL_TIM_OC_DelayElapsedCallback  stm32f1xx_hal_tim.o
    0x08001bfe   0x08001bfe   0x00000104   Code   RO          626    i.HAL_TIM_PWM_ConfigChannel  stm32f1xx_hal_tim.o
    0x08001d02   0x08001d02   0x00000066   Code   RO          629    i.HAL_TIM_PWM_Init  stm32f1xx_hal_tim.o
    0x08001d68   0x08001d68   0x00000002   Code   RO          631    i.HAL_TIM_PWM_MspInit  stm32f1xx_hal_tim.o
    0x08001d6a   0x08001d6a   0x00000002   Code   RO          632    i.HAL_TIM_PWM_PulseFinishedCallback  stm32f1xx_hal_tim.o
    0x08001d6c   0x08001d6c   0x000000d4   Code   RO          634    i.HAL_TIM_PWM_Start  stm32f1xx_hal_tim.o
    0x08001e40   0x08001e40   0x000000b4   Code   RO           14    i.HAL_TIM_PeriodElapsedCallback  main.o
    0x08001ef4   0x08001ef4   0x00000002   Code   RO          645    i.HAL_TIM_TriggerCallback  stm32f1xx_hal_tim.o
    0x08001ef6   0x08001ef6   0x00000002   Code   RO         2556    i.HAL_UARTEx_RxEventCallback  stm32f1xx_hal_uart.o
    0x08001ef8   0x08001ef8   0x00000002   Code   RO         2570    i.HAL_UART_ErrorCallback  stm32f1xx_hal_uart.o
    0x08001efa   0x08001efa   0x00000002   PAD
    0x08001efc   0x08001efc   0x000002e4   Code   RO         2573    i.HAL_UART_IRQHandler  stm32f1xx_hal_uart.o
    0x080021e0   0x080021e0   0x00000076   Code   RO         2574    i.HAL_UART_Init     stm32f1xx_hal_uart.o
    0x08002256   0x08002256   0x00000002   PAD
    0x08002258   0x08002258   0x000000d0   Code   RO          294    i.HAL_UART_MspInit  usart.o
    0x08002328   0x08002328   0x00000002   Code   RO         2580    i.HAL_UART_RxCpltCallback  stm32f1xx_hal_uart.o
    0x0800232a   0x0800232a   0x000000be   Code   RO         2582    i.HAL_UART_Transmit  stm32f1xx_hal_uart.o
    0x080023e8   0x080023e8   0x00000002   Code   RO         2585    i.HAL_UART_TxCpltCallback  stm32f1xx_hal_uart.o
    0x080023ea   0x080023ea   0x00000004   Code   RO          350    i.HardFault_Handler  stm32f1xx_it.o
    0x080023ee   0x080023ee   0x00000002   PAD
    0x080023f0   0x080023f0   0x00000034   Code   RO          197    i.MX_DMA_Init       dma.o
    0x08002424   0x08002424   0x00000058   Code   RO          173    i.MX_GPIO_Init      gpio.o
    0x0800247c   0x0800247c   0x000000a0   Code   RO          226    i.MX_TIM2_Init      tim.o
    0x0800251c   0x0800251c   0x0000007c   Code   RO          227    i.MX_TIM3_Init      tim.o
    0x08002598   0x08002598   0x00000070   Code   RO          228    i.MX_TIM4_Init      tim.o
    0x08002608   0x08002608   0x00000038   Code   RO          295    i.MX_USART1_UART_Init  usart.o
    0x08002640   0x08002640   0x00000004   Code   RO          351    i.MemManage_Handler  stm32f1xx_it.o
    0x08002644   0x08002644   0x00000004   Code   RO          352    i.NMI_Handler       stm32f1xx_it.o
    0x08002648   0x08002648   0x00000002   Code   RO          353    i.PendSV_Handler    stm32f1xx_it.o
    0x0800264a   0x0800264a   0x00000002   PAD
    0x0800264c   0x0800264c   0x00000028   Code   RO         1724    i.RCC_Delay         stm32f1xx_hal_rcc.o
    0x08002674   0x08002674   0x00000002   Code   RO          354    i.SVC_Handler       stm32f1xx_it.o
    0x08002676   0x08002676   0x00000002   Code   RO          355    i.SysTick_Handler   stm32f1xx_it.o
    0x08002678   0x08002678   0x00000066   Code   RO           15    i.SystemClock_Config  main.o
    0x080026de   0x080026de   0x00000002   Code   RO         2918    i.SystemInit        system_stm32f1xx.o
    0x080026e0   0x080026e0   0x00000010   Code   RO          356    i.TIM1_UP_IRQHandler  stm32f1xx_it.o
    0x080026f0   0x080026f0   0x00000010   Code   RO          357    i.TIM3_IRQHandler   stm32f1xx_it.o
    0x08002700   0x08002700   0x00000010   Code   RO          358    i.TIM4_IRQHandler   stm32f1xx_it.o
    0x08002710   0x08002710   0x00000084   Code   RO          647    i.TIM_Base_SetConfig  stm32f1xx_hal_tim.o
    0x08002794   0x08002794   0x00000022   Code   RO          648    i.TIM_CCxChannelCmd  stm32f1xx_hal_tim.o
    0x080027b6   0x080027b6   0x00000016   Code   RO          658    i.TIM_ETR_SetConfig  stm32f1xx_hal_tim.o
    0x080027cc   0x080027cc   0x00000012   Code   RO          659    i.TIM_ITRx_SetConfig  stm32f1xx_hal_tim.o
    0x080027de   0x080027de   0x00000002   PAD
    0x080027e0   0x080027e0   0x00000060   Code   RO          660    i.TIM_OC1_SetConfig  stm32f1xx_hal_tim.o
    0x08002840   0x08002840   0x00000068   Code   RO          661    i.TIM_OC2_SetConfig  stm32f1xx_hal_tim.o
    0x080028a8   0x080028a8   0x00000068   Code   RO          662    i.TIM_OC3_SetConfig  stm32f1xx_hal_tim.o
    0x08002910   0x08002910   0x00000048   Code   RO          663    i.TIM_OC4_SetConfig  stm32f1xx_hal_tim.o
    0x08002958   0x08002958   0x00000026   Code   RO          665    i.TIM_TI1_ConfigInputStage  stm32f1xx_hal_tim.o
    0x0800297e   0x0800297e   0x00000028   Code   RO          667    i.TIM_TI2_ConfigInputStage  stm32f1xx_hal_tim.o
    0x080029a6   0x080029a6   0x00000014   Code   RO         2587    i.UART_DMAAbortOnError  stm32f1xx_hal_uart.o
    0x080029ba   0x080029ba   0x0000006c   Code   RO         2597    i.UART_EndRxTransfer  stm32f1xx_hal_uart.o
    0x08002a26   0x08002a26   0x00000020   Code   RO         2598    i.UART_EndTransmit_IT  stm32f1xx_hal_uart.o
    0x08002a46   0x08002a46   0x000000fc   Code   RO         2600    i.UART_Receive_IT   stm32f1xx_hal_uart.o
    0x08002b42   0x08002b42   0x00000002   PAD
    0x08002b44   0x08002b44   0x000000fc   Code   RO         2601    i.UART_SetConfig    stm32f1xx_hal_uart.o
    0x08002c40   0x08002c40   0x00000060   Code   RO         2604    i.UART_Transmit_IT  stm32f1xx_hal_uart.o
    0x08002ca0   0x08002ca0   0x0000008c   Code   RO         2605    i.UART_WaitOnFlagUntilTimeout  stm32f1xx_hal_uart.o
    0x08002d2c   0x08002d2c   0x00000010   Code   RO          359    i.USART1_IRQHandler  stm32f1xx_it.o
    0x08002d3c   0x08002d3c   0x00000004   Code   RO          360    i.UsageFault_Handler  stm32f1xx_it.o
    0x08002d40   0x08002d40   0x00000020   Code   RO         3481    i.__0printf         mc_w.l(printfa.o)
    0x08002d60   0x08002d60   0x00000034   Code   RO         3482    i.__0snprintf       mc_w.l(printfa.o)
    0x08002d94   0x08002d94   0x00000034   Code   RO         3486    i.__0vsnprintf      mc_w.l(printfa.o)
    0x08002dc8   0x08002dc8   0x00000010   Code   RO         2031    i.__NVIC_GetPriorityGrouping  stm32f1xx_hal_cortex.o
    0x08002dd8   0x08002dd8   0x00000028   Code   RO         2032    i.__NVIC_SetPriority  stm32f1xx_hal_cortex.o
    0x08002e00   0x08002e00   0x0000000e   Code   RO         3551    i.__scatterload_copy  mc_w.l(handlers.o)
    0x08002e0e   0x08002e0e   0x00000002   Code   RO         3552    i.__scatterload_null  mc_w.l(handlers.o)
    0x08002e10   0x08002e10   0x0000000e   Code   RO         3553    i.__scatterload_zeroinit  mc_w.l(handlers.o)
    0x08002e1e   0x08002e1e   0x00000002   PAD
    0x08002e20   0x08002e20   0x00000184   Code   RO         3488    i._fp_digits        mc_w.l(printfa.o)
    0x08002fa4   0x08002fa4   0x000006b4   Code   RO         3489    i._printf_core      mc_w.l(printfa.o)
    0x08003658   0x08003658   0x00000024   Code   RO         3490    i._printf_post_padding  mc_w.l(printfa.o)
    0x0800367c   0x0800367c   0x0000002e   Code   RO         3491    i._printf_pre_padding  mc_w.l(printfa.o)
    0x080036aa   0x080036aa   0x00000016   Code   RO         3492    i._snputc           mc_w.l(printfa.o)
    0x080036c0   0x080036c0   0x00000110   Code   RO         2955    i.elog_get_filter_tag_lvl  elog.o
    0x080037d0   0x080037d0   0x00000050   Code   RO         2959    i.elog_init         elog.o
    0x08003820   0x08003820   0x00000410   Code   RO         2960    i.elog_output       elog.o
    0x08003c30   0x08003c30   0x00000028   Code   RO         2961    i.elog_output_lock  elog.o
    0x08003c58   0x08003c58   0x00000040   Code   RO         2962    i.elog_output_lock_enabled  elog.o
    0x08003c98   0x08003c98   0x00000028   Code   RO         2963    i.elog_output_unlock  elog.o
    0x08003cc0   0x08003cc0   0x00000008   Code   RO         3169    i.elog_port_get_p_info  elog_port.o
    0x08003cc8   0x08003cc8   0x00000008   Code   RO         3170    i.elog_port_get_t_info  elog_port.o
    0x08003cd0   0x08003cd0   0x00000008   Code   RO         3171    i.elog_port_get_time  elog_port.o
    0x08003cd8   0x08003cd8   0x00000004   Code   RO         3172    i.elog_port_init    elog_port.o
    0x08003cdc   0x08003cdc   0x0000001c   Code   RO         3173    i.elog_port_output  elog_port.o
    0x08003cf8   0x08003cf8   0x00000002   Code   RO         3174    i.elog_port_output_lock  elog_port.o
    0x08003cfa   0x08003cfa   0x00000002   Code   RO         3175    i.elog_port_output_unlock  elog_port.o
    0x08003cfc   0x08003cfc   0x000000c0   Code   RO         2967    i.elog_set_filter_lvl  elog.o
    0x08003dbc   0x08003dbc   0x0000003c   Code   RO         2970    i.elog_set_filter_tag_lvl_default  elog.o
    0x08003df8   0x08003df8   0x000000c4   Code   RO         2971    i.elog_set_fmt      elog.o
    0x08003ebc   0x08003ebc   0x000000d4   Code   RO         2972    i.elog_set_output_enabled  elog.o
    0x08003f90   0x08003f90   0x000000d4   Code   RO         2973    i.elog_set_text_color_enabled  elog.o
    0x08004064   0x08004064   0x0000001c   Code   RO         2974    i.elog_start        elog.o
    0x08004080   0x08004080   0x00000104   Code   RO         3142    i.elog_strcpy       elog_utils.o
    0x08004184   0x08004184   0x00000018   Code   RO          297    i.fputc             usart.o
    0x0800419c   0x0800419c   0x000000d0   Code   RO         2976    i.get_fmt_enabled   elog.o
    0x0800426c   0x0800426c   0x0000001c   Code   RO         2977    i.get_fmt_used_and_enabled_ptr  elog.o
    0x08004288   0x08004288   0x0000001c   Code   RO         2978    i.get_fmt_used_and_enabled_u32  elog.o
    0x080042a4   0x080042a4   0x0000007c   Code   RO           16    i.main              main.o
    0x08004320   0x08004320   0x0000001e   Data   RO           17    .constdata          main.o
    0x0800433e   0x0800433e   0x00000012   Data   RO         1725    .constdata          stm32f1xx_hal_rcc.o
    0x08004350   0x08004350   0x00000018   Data   RO         2919    .constdata          system_stm32f1xx.o
    0x08004368   0x08004368   0x000000d7   Data   RO         2980    .constdata          elog.o
    0x0800443f   0x0800443f   0x00000023   Data   RO         3143    .constdata          elog_utils.o
    0x08004462   0x08004462   0x00000002   PAD
    0x08004464   0x08004464   0x00000047   Data   RO         2981    .conststring        elog.o
    0x080044ab   0x080044ab   0x00000001   PAD
    0x080044ac   0x080044ac   0x00000020   Data   RO         3549    Region$$Table       anon$$obj.o


    Execution Region RW_IRAM1 (Exec base: 0x20000000, Load base: 0x080044cc, Size: 0x00000af8, Max: 0x00005000, ABSOLUTE)

    Exec Addr    Load Addr    Size         Type   Attr      Idx    E Section Name        Object

    0x20000000   0x080044cc   0x00000008   Data   RW           18    .data               main.o
    0x20000008   0x080044d4   0x00000009   Data   RW         1561    .data               stm32f1xx_hal.o
    0x20000011   0x080044dd   0x00000003   PAD
    0x20000014   0x080044e0   0x00000004   Data   RW         2920    .data               system_stm32f1xx.o
    0x20000018   0x080044e4   0x00000034   Data   RW         2982    .data               elog.o
    0x2000004c   0x08004518   0x00000004   Data   RW         3525    .data               mc_w.l(stdout.o)
    0x20000050        -       0x000000d8   Zero   RW          229    .bss                tim.o
    0x20000128        -       0x0000008c   Zero   RW          298    .bss                usart.o
    0x200001b4        -       0x00000048   Zero   RW          480    .bss                stm32f1xx_hal_timebase_tim.o
    0x200001fc        -       0x000004f8   Zero   RW         2979    .bss                elog.o
    0x200006f4   0x0800451c   0x00000004   PAD
    0x200006f8        -       0x00000400   Zero   RW            1    STACK               startup_stm32f103xb.o


==============================================================================

Image component sizes


      Code (inc. data)   RO Data    RW Data    ZI Data      Debug   Object Name

        52          4          0          0          0        758   dma.o
      2700        924        286         52       1272      18808   elog.o
        60         22          0          0          0       3545   elog_port.o
       260         98         35          0          0       2261   elog_utils.o
        88          4          0          0          0        835   gpio.o
       412         80         30          8          0     433671   main.o
        36          8        236          0       1024        812   startup_stm32f103xb.o
        76         20          0          9          0       4690   stm32f1xx_hal.o
       252         22          0          0          0      28734   stm32f1xx_hal_cortex.o
       778         12          0          0          0       3351   stm32f1xx_hal_dma.o
       800         34          0          0          0       2068   stm32f1xx_hal_gpio.o
        84          8          0          0          0        914   stm32f1xx_hal_msp.o
      1816        108         18          0          0       6665   stm32f1xx_hal_rcc.o
      2294         60          0          0          0      16863   stm32f1xx_hal_tim.o
       136         14          0          0          0       2461   stm32f1xx_hal_tim_ex.o
       160         22          0          0         72       1451   stm32f1xx_hal_timebase_tim.o
      1956          8          0          0          0      11208   stm32f1xx_hal_uart.o
       108         30          0          0          0       6334   stm32f1xx_it.o
         2          0         24          4          0       1143   system_stm32f1xx.o
       712         56          0          0        216       4376   tim.o
       288         34          0          0        140       2345   usart.o

    ----------------------------------------------------------------------
     13088       1568        664         76       2728     553293   Object Totals
         0          0         32          0          0          0   (incl. Generated)
        18          0          3          3          4          0   (incl. Padding)

    ----------------------------------------------------------------------

      Code (inc. data)   RO Data    RW Data    ZI Data      Debug   Library Member Name

         0          0          0          0          0          0   entry.o
         0          0          0          0          0          0   entry10a.o
         0          0          0          0          0          0   entry11a.o
         4          0          0          0          0          0   entry12b.o
         8          4          0          0          0          0   entry2.o
         4          0          0          0          0          0   entry5.o
         0          0          0          0          0          0   entry7b.o
         0          0          0          0          0          0   entry8b.o
         8          4          0          0          0          0   entry9a.o
        30          0          0          0          0          0   handlers.o
        36          8          0          0          0         68   init.o
         0          0          0          0          0          0   iusefp.o
        30          0          0          0          0         68   llshl.o
        36          0          0          0          0         68   llsshr.o
        32          0          0          0          0         68   llushr.o
        36          0          0          0          0        108   memseta.o
      2344        100          0          0          0        700   printfa.o
         0          0          0          4          0          0   stdout.o
        14          0          0          0          0         68   strlen.o
        30          0          0          0          0         80   strncmp.o
        36          0          0          0          0         80   strstr.o
        44          0          0          0          0         80   uidiv.o
        98          0          0          0          0         92   uldiv.o
        48          0          0          0          0         68   cdrcmple.o
       334          0          0          0          0        148   dadd.o
       222          0          0          0          0        100   ddiv.o
       186          0          0          0          0        176   depilogue.o
        48          0          0          0          0         68   dfixul.o
       228          0          0          0          0         96   dmul.o

    ----------------------------------------------------------------------
      3860        116          0          4          0       2136   Library Totals
         4          0          0          0          0          0   (incl. Padding)

    ----------------------------------------------------------------------

      Code (inc. data)   RO Data    RW Data    ZI Data      Debug   Library Name

      2790        116          0          4          0       1480   mc_w.l
      1066          0          0          0          0        656   mf_w.l

    ----------------------------------------------------------------------
      3860        116          0          4          0       2136   Library Totals

    ----------------------------------------------------------------------

==============================================================================


      Code (inc. data)   RO Data    RW Data    ZI Data      Debug   

     16948       1684        664         80       2728     548717   Grand Totals
     16948       1684        664         80       2728     548717   ELF Image Totals
     16948       1684        664         80          0          0   ROM Totals

==============================================================================

    Total RO  Size (Code + RO Data)                17612 (  17.20kB)
    Total RW  Size (RW Data + ZI Data)              2808 (   2.74kB)
    Total ROM Size (Code + RO Data + RW Data)      17692 (  17.28kB)

==============================================================================

